[+] Containers:
 |- [+] Container: /Game/Assets/Levels/Menu
 |   |- [+] ActorDescs:
 |   |   |- Guid:3428D33BDC4A3A3E9E6EB243783CB246 NativeClass:/Script/Engine.StaticMeshActor Name:StaticMeshActor_0 Label:SM_Cube SpatiallyLoaded:true EditorBounds:IsValid=true, Min=(X=0.000 Y=0.000 Z=-50.000), Max=(X=1641.774 Y=1915.404 Z=-22.637) RuntimeBounds:IsValid=true, Min=(X=0.000 Y=0.000 Z=-50.000), Max=(X=1641.774 Y=1915.404 Z=-22.637) RuntimeGrid:None EditorOnly:false RuntimeOnly:false HLODRelevant:true ListedInSceneOutliner:true IsMainWorldOnly:false FolderPath:Playground FolderGuid:6C02BB504B69D1F3D7A624B130C18E5B
 |   |   |- Guid:46A150451E9A398E81952CF03D8D093F NativeClass:/Script/Engine.StaticMeshActor Name:StaticMeshActor_3 Label:SM_Cube2 SpatiallyLoaded:true EditorBounds:IsValid=true, Min=(X=0.000 Y=0.000 Z=-28.740), Max=(X=1607.877 Y=100.000 Z=73.142) RuntimeBounds:IsValid=true, Min=(X=0.000 Y=0.000 Z=-28.740), Max=(X=1607.877 Y=100.000 Z=73.142) RuntimeGrid:None EditorOnly:false RuntimeOnly:false HLODRelevant:true ListedInSceneOutliner:true IsMainWorldOnly:false FolderPath:Playground FolderGuid:6C02BB504B69D1F3D7A624B130C18E5B
 |   |   |- Guid:4F9B141628B739E8A7426933073C8D8D NativeClass:/Script/Engine.StaticMeshActor Name:StaticMeshActor_UAID_0250ADA3612514CE02_2142310569 Label:SM_SkySphere2 SpatiallyLoaded:false EditorBounds:IsValid=true, Min=(X=-1638400.000 Y=-1637340.000 Z=-1638400.000), Max=(X=1638400.000 Y=1639460.000 Z=1638400.000) RuntimeBounds:IsValid=true, Min=(X=-1638400.000 Y=-1637340.000 Z=-1638400.000), Max=(X=1638400.000 Y=1639460.000 Z=1638400.000) RuntimeGrid:None EditorOnly:false RuntimeOnly:false HLODRelevant:false ListedInSceneOutliner:true IsMainWorldOnly:false FolderPath:Lighting FolderGuid:0BA5F0A04EADB18E70D5B180D08FA34B
 |   |   |- Guid:725F5EE88A3B384192A3654B2ACEB074 NativeClass:/Script/Engine.StaticMeshActor Name:StaticMeshActor_UAID_0250ADA3612511CE02_1813256033 Label:SM_Cube4 SpatiallyLoaded:true EditorBounds:IsValid=true, Min=(X=1553.373 Y=23.373 Z=-28.740), Max=(X=1653.373 Y=2005.764 Z=73.142) RuntimeBounds:IsValid=true, Min=(X=1553.373 Y=23.373 Z=-28.740), Max=(X=1653.373 Y=2005.764 Z=73.142) RuntimeGrid:None EditorOnly:false RuntimeOnly:false HLODRelevant:true ListedInSceneOutliner:true IsMainWorldOnly:false FolderPath:Playground FolderGuid:6C02BB504B69D1F3D7A624B130C18E5B
 |   |   |- Guid:7CB4C8D735993AE58D745B7ED37087F6 NativeClass:/Script/Engine.WorldDataLayers Name:WorldDataLayers Label:WorldDataLayers SpatiallyLoaded:false EditorBounds:IsValid=false, Min=(X=0.000 Y=0.000 Z=0.000), Max=(X=0.000 Y=0.000 Z=0.000) RuntimeBounds:IsValid=false, Min=(X=0.000 Y=0.000 Z=0.000), Max=(X=0.000 Y=0.000 Z=0.000) RuntimeGrid:None EditorOnly:false RuntimeOnly:false HLODRelevant:false ListedInSceneOutliner:true IsMainWorldOnly:true
 |   |   |- Guid:95CA20B0752C320EAE9A44BEBEB4CCC5 NativeClass:/Script/Engine.ExponentialHeightFog Name:ExponentialHeightFog_0 Label:ExponentialHeightFog SpatiallyLoaded:false EditorBounds:IsValid=true, Min=(X=-5728.000 Y=-178.000 Z=-6978.000), Max=(X=-5472.000 Y=78.000 Z=-6722.000) RuntimeBounds:IsValid=true, Min=(X=-5600.000 Y=-50.000 Z=-6850.000), Max=(X=-5600.000 Y=-50.000 Z=-6850.000) RuntimeGrid:None EditorOnly:false RuntimeOnly:false HLODRelevant:false ListedInSceneOutliner:true IsMainWorldOnly:false FolderPath:Lighting FolderGuid:0BA5F0A04EADB18E70D5B180D08FA34B
 |   |   |- Guid:96B89010394E326F815F76C2BBE024DF NativeClass:/Script/Engine.SkyLight Name:SkyLight_0 Label:SkyLight SpatiallyLoaded:false EditorBounds:IsValid=true, Min=(X=-1.000 Y=-1.000 Z=-1.000), Max=(X=1.000 Y=1.000 Z=690.000) RuntimeBounds:IsValid=true, Min=(X=0.000 Y=0.000 Z=690.000), Max=(X=0.000 Y=0.000 Z=690.000) RuntimeGrid:None EditorOnly:false RuntimeOnly:false HLODRelevant:false ListedInSceneOutliner:true IsMainWorldOnly:false FolderPath:Lighting FolderGuid:0BA5F0A04EADB18E70D5B180D08FA34B
 |   |   |- Guid:9C5427E6F5A43C53A61EF9C11AB73937 NativeClass:/Script/Engine.SkyAtmosphere Name:SkyAtmosphere_0 Label:SkyAtmosphere SpatiallyLoaded:false EditorBounds:IsValid=true, Min=(X=-128.000 Y=-128.000 Z=892.000), Max=(X=240.000 Y=128.000 Z=1148.000) RuntimeBounds:IsValid=true, Min=(X=0.000 Y=0.000 Z=1020.000), Max=(X=0.000 Y=0.000 Z=1020.000) RuntimeGrid:None EditorOnly:false RuntimeOnly:false HLODRelevant:false ListedInSceneOutliner:true IsMainWorldOnly:false FolderPath:Lighting FolderGuid:0BA5F0A04EADB18E70D5B180D08FA34B
 |   |   |- Guid:A9670EF929613B209FD1D6D049B0D15F NativeClass:/Script/Engine.DirectionalLight Name:DirectionalLight_1 Label:DirectionalLight SpatiallyLoaded:false EditorBounds:IsValid=false, Min=(X=0.000 Y=0.000 Z=0.000), Max=(X=0.000 Y=0.000 Z=0.000) RuntimeBounds:IsValid=false, Min=(X=0.000 Y=0.000 Z=0.000), Max=(X=0.000 Y=0.000 Z=0.000) RuntimeGrid:None EditorOnly:false RuntimeOnly:false HLODRelevant:false ListedInSceneOutliner:true IsMainWorldOnly:false FolderPath:Lighting FolderGuid:0BA5F0A04EADB18E70D5B180D08FA34B
 |   |   |- Guid:B97FA435A9B036C19D5EF0AAE06428DD NativeClass:/Script/Engine.VolumetricCloud Name:VolumetricCloud_0 Label:VolumetricCloud SpatiallyLoaded:false EditorBounds:IsValid=true, Min=(X=-128.000 Y=-128.000 Z=692.000), Max=(X=128.000 Y=128.000 Z=948.000) RuntimeBounds:IsValid=true, Min=(X=0.000 Y=0.000 Z=820.000), Max=(X=0.000 Y=0.000 Z=820.000) RuntimeGrid:None EditorOnly:false RuntimeOnly:false HLODRelevant:false ListedInSceneOutliner:true IsMainWorldOnly:false FolderPath:Lighting FolderGuid:0BA5F0A04EADB18E70D5B180D08FA34B
 |   |   |- Guid:C72D8B5082543800ABC3436B02ECC696 NativeClass:/Script/Engine.StaticMeshActor Name:StaticMeshActor_UAID_0250ADA3612511CE02_1787776030 Label:SM_Cube3 SpatiallyLoaded:true EditorBounds:IsValid=true, Min=(X=0.000 Y=1883.373 Z=-28.740), Max=(X=1607.877 Y=1983.373 Z=73.142) RuntimeBounds:IsValid=true, Min=(X=0.000 Y=1883.373 Z=-28.740), Max=(X=1607.877 Y=1983.373 Z=73.142) RuntimeGrid:None EditorOnly:false RuntimeOnly:false HLODRelevant:true ListedInSceneOutliner:true IsMainWorldOnly:false FolderPath:Playground FolderGuid:6C02BB504B69D1F3D7A624B130C18E5B
 |   |   |- Guid:DE00ED0C1EAE34ECB0944E167E32D70E NativeClass:/Script/Engine.StaticMeshActor Name:StaticMeshActor_UAID_A4AE111137DC5EFB00_2001720423 Label:SM_SkySphere SpatiallyLoaded:false EditorBounds:IsValid=true, Min=(X=-1638400.000 Y=-1638400.000 Z=-1638400.000), Max=(X=1638400.000 Y=1638400.000 Z=1638400.000) RuntimeBounds:IsValid=true, Min=(X=-1638400.000 Y=-1638400.000 Z=-1638400.000), Max=(X=1638400.000 Y=1638400.000 Z=1638400.000) RuntimeGrid:None EditorOnly:false RuntimeOnly:false HLODRelevant:false ListedInSceneOutliner:true IsMainWorldOnly:false FolderPath:Lighting FolderGuid:0BA5F0A04EADB18E70D5B180D08FA34B
 |   |   |- Guid:E2A3813B9070370BA2AD9069052F1C91 NativeClass:/Script/Engine.StaticMeshActor Name:StaticMeshActor_UAID_0250ADA3612511CE02_1813260034 Label:SM_Cube5 SpatiallyLoaded:true EditorBounds:IsValid=true, Min=(X=-70.000 Y=23.373 Z=-28.740), Max=(X=30.000 Y=2005.764 Z=73.142) RuntimeBounds:IsValid=true, Min=(X=-70.000 Y=23.373 Z=-28.740), Max=(X=30.000 Y=2005.764 Z=73.142) RuntimeGrid:None EditorOnly:false RuntimeOnly:false HLODRelevant:true ListedInSceneOutliner:true IsMainWorldOnly:false FolderPath:Playground FolderGuid:6C02BB504B69D1F3D7A624B130C18E5B
 |   |   |- Guid:F3FB4C0E9B4639E994331DD586D9B895 NativeClass:/Script/Engine.PlayerStart Name:PlayerStart_0 Label:PlayerStart SpatiallyLoaded:false EditorBounds:IsValid=true, Min=(X=772.000 Y=722.000 Z=-35.987), Max=(X=1140.000 Y=978.000 Z=220.013) RuntimeBounds:IsValid=true, Min=(X=860.000 Y=810.000 Z=0.013), Max=(X=940.000 Y=890.000 Z=184.013) RuntimeGrid:None EditorOnly:false RuntimeOnly:false HLODRelevant:false ListedInSceneOutliner:true IsMainWorldOnly:false
 |   |- [+] Clusters:
 |   |   |- [+] [  0]
 |   |   |   |- Guid:3428D33BDC4A3A3E9E6EB243783CB246 NativeClass:/Script/Engine.StaticMeshActor Name:StaticMeshActor_0 Label:SM_Cube SpatiallyLoaded:true EditorBounds:IsValid=true, Min=(X=0.000 Y=0.000 Z=-50.000), Max=(X=1641.774 Y=1915.404 Z=-22.637) RuntimeBounds:IsValid=true, Min=(X=0.000 Y=0.000 Z=-50.000), Max=(X=1641.774 Y=1915.404 Z=-22.637) RuntimeGrid:None EditorOnly:false RuntimeOnly:false HLODRelevant:true ListedInSceneOutliner:true IsMainWorldOnly:false FolderPath:Playground FolderGuid:6C02BB504B69D1F3D7A624B130C18E5B
 |   |   |- [+] [  1]
 |   |   |   |- Guid:46A150451E9A398E81952CF03D8D093F NativeClass:/Script/Engine.StaticMeshActor Name:StaticMeshActor_3 Label:SM_Cube2 SpatiallyLoaded:true EditorBounds:IsValid=true, Min=(X=0.000 Y=0.000 Z=-28.740), Max=(X=1607.877 Y=100.000 Z=73.142) RuntimeBounds:IsValid=true, Min=(X=0.000 Y=0.000 Z=-28.740), Max=(X=1607.877 Y=100.000 Z=73.142) RuntimeGrid:None EditorOnly:false RuntimeOnly:false HLODRelevant:true ListedInSceneOutliner:true IsMainWorldOnly:false FolderPath:Playground FolderGuid:6C02BB504B69D1F3D7A624B130C18E5B
 |   |   |- [+] [  2]
 |   |   |   |- Guid:4F9B141628B739E8A7426933073C8D8D NativeClass:/Script/Engine.StaticMeshActor Name:StaticMeshActor_UAID_0250ADA3612514CE02_2142310569 Label:SM_SkySphere2 SpatiallyLoaded:false EditorBounds:IsValid=true, Min=(X=-1638400.000 Y=-1637340.000 Z=-1638400.000), Max=(X=1638400.000 Y=1639460.000 Z=1638400.000) RuntimeBounds:IsValid=true, Min=(X=-1638400.000 Y=-1637340.000 Z=-1638400.000), Max=(X=1638400.000 Y=1639460.000 Z=1638400.000) RuntimeGrid:None EditorOnly:false RuntimeOnly:false HLODRelevant:false ListedInSceneOutliner:true IsMainWorldOnly:false FolderPath:Lighting FolderGuid:0BA5F0A04EADB18E70D5B180D08FA34B
 |   |   |- [+] [  3]
 |   |   |   |- Guid:725F5EE88A3B384192A3654B2ACEB074 NativeClass:/Script/Engine.StaticMeshActor Name:StaticMeshActor_UAID_0250ADA3612511CE02_1813256033 Label:SM_Cube4 SpatiallyLoaded:true EditorBounds:IsValid=true, Min=(X=1553.373 Y=23.373 Z=-28.740), Max=(X=1653.373 Y=2005.764 Z=73.142) RuntimeBounds:IsValid=true, Min=(X=1553.373 Y=23.373 Z=-28.740), Max=(X=1653.373 Y=2005.764 Z=73.142) RuntimeGrid:None EditorOnly:false RuntimeOnly:false HLODRelevant:true ListedInSceneOutliner:true IsMainWorldOnly:false FolderPath:Playground FolderGuid:6C02BB504B69D1F3D7A624B130C18E5B
 |   |   |- [+] [  4]
 |   |   |   |- Guid:7CB4C8D735993AE58D745B7ED37087F6 NativeClass:/Script/Engine.WorldDataLayers Name:WorldDataLayers Label:WorldDataLayers SpatiallyLoaded:false EditorBounds:IsValid=false, Min=(X=0.000 Y=0.000 Z=0.000), Max=(X=0.000 Y=0.000 Z=0.000) RuntimeBounds:IsValid=false, Min=(X=0.000 Y=0.000 Z=0.000), Max=(X=0.000 Y=0.000 Z=0.000) RuntimeGrid:None EditorOnly:false RuntimeOnly:false HLODRelevant:false ListedInSceneOutliner:true IsMainWorldOnly:true
 |   |   |- [+] [  5]
 |   |   |   |- Guid:95CA20B0752C320EAE9A44BEBEB4CCC5 NativeClass:/Script/Engine.ExponentialHeightFog Name:ExponentialHeightFog_0 Label:ExponentialHeightFog SpatiallyLoaded:false EditorBounds:IsValid=true, Min=(X=-5728.000 Y=-178.000 Z=-6978.000), Max=(X=-5472.000 Y=78.000 Z=-6722.000) RuntimeBounds:IsValid=true, Min=(X=-5600.000 Y=-50.000 Z=-6850.000), Max=(X=-5600.000 Y=-50.000 Z=-6850.000) RuntimeGrid:None EditorOnly:false RuntimeOnly:false HLODRelevant:false ListedInSceneOutliner:true IsMainWorldOnly:false FolderPath:Lighting FolderGuid:0BA5F0A04EADB18E70D5B180D08FA34B
 |   |   |- [+] [  6]
 |   |   |   |- Guid:96B89010394E326F815F76C2BBE024DF NativeClass:/Script/Engine.SkyLight Name:SkyLight_0 Label:SkyLight SpatiallyLoaded:false EditorBounds:IsValid=true, Min=(X=-1.000 Y=-1.000 Z=-1.000), Max=(X=1.000 Y=1.000 Z=690.000) RuntimeBounds:IsValid=true, Min=(X=0.000 Y=0.000 Z=690.000), Max=(X=0.000 Y=0.000 Z=690.000) RuntimeGrid:None EditorOnly:false RuntimeOnly:false HLODRelevant:false ListedInSceneOutliner:true IsMainWorldOnly:false FolderPath:Lighting FolderGuid:0BA5F0A04EADB18E70D5B180D08FA34B
 |   |   |- [+] [  7]
 |   |   |   |- Guid:9C5427E6F5A43C53A61EF9C11AB73937 NativeClass:/Script/Engine.SkyAtmosphere Name:SkyAtmosphere_0 Label:SkyAtmosphere SpatiallyLoaded:false EditorBounds:IsValid=true, Min=(X=-128.000 Y=-128.000 Z=892.000), Max=(X=240.000 Y=128.000 Z=1148.000) RuntimeBounds:IsValid=true, Min=(X=0.000 Y=0.000 Z=1020.000), Max=(X=0.000 Y=0.000 Z=1020.000) RuntimeGrid:None EditorOnly:false RuntimeOnly:false HLODRelevant:false ListedInSceneOutliner:true IsMainWorldOnly:false FolderPath:Lighting FolderGuid:0BA5F0A04EADB18E70D5B180D08FA34B
 |   |   |- [+] [  8]
 |   |   |   |- Guid:A9670EF929613B209FD1D6D049B0D15F NativeClass:/Script/Engine.DirectionalLight Name:DirectionalLight_1 Label:DirectionalLight SpatiallyLoaded:false EditorBounds:IsValid=false, Min=(X=0.000 Y=0.000 Z=0.000), Max=(X=0.000 Y=0.000 Z=0.000) RuntimeBounds:IsValid=false, Min=(X=0.000 Y=0.000 Z=0.000), Max=(X=0.000 Y=0.000 Z=0.000) RuntimeGrid:None EditorOnly:false RuntimeOnly:false HLODRelevant:false ListedInSceneOutliner:true IsMainWorldOnly:false FolderPath:Lighting FolderGuid:0BA5F0A04EADB18E70D5B180D08FA34B
 |   |   |- [+] [  9]
 |   |   |   |- Guid:B97FA435A9B036C19D5EF0AAE06428DD NativeClass:/Script/Engine.VolumetricCloud Name:VolumetricCloud_0 Label:VolumetricCloud SpatiallyLoaded:false EditorBounds:IsValid=true, Min=(X=-128.000 Y=-128.000 Z=692.000), Max=(X=128.000 Y=128.000 Z=948.000) RuntimeBounds:IsValid=true, Min=(X=0.000 Y=0.000 Z=820.000), Max=(X=0.000 Y=0.000 Z=820.000) RuntimeGrid:None EditorOnly:false RuntimeOnly:false HLODRelevant:false ListedInSceneOutliner:true IsMainWorldOnly:false FolderPath:Lighting FolderGuid:0BA5F0A04EADB18E70D5B180D08FA34B
 |   |   |- [+] [ 10]
 |   |   |   |- Guid:C72D8B5082543800ABC3436B02ECC696 NativeClass:/Script/Engine.StaticMeshActor Name:StaticMeshActor_UAID_0250ADA3612511CE02_1787776030 Label:SM_Cube3 SpatiallyLoaded:true EditorBounds:IsValid=true, Min=(X=0.000 Y=1883.373 Z=-28.740), Max=(X=1607.877 Y=1983.373 Z=73.142) RuntimeBounds:IsValid=true, Min=(X=0.000 Y=1883.373 Z=-28.740), Max=(X=1607.877 Y=1983.373 Z=73.142) RuntimeGrid:None EditorOnly:false RuntimeOnly:false HLODRelevant:true ListedInSceneOutliner:true IsMainWorldOnly:false FolderPath:Playground FolderGuid:6C02BB504B69D1F3D7A624B130C18E5B
 |   |   |- [+] [ 11]
 |   |   |   |- Guid:DE00ED0C1EAE34ECB0944E167E32D70E NativeClass:/Script/Engine.StaticMeshActor Name:StaticMeshActor_UAID_A4AE111137DC5EFB00_2001720423 Label:SM_SkySphere SpatiallyLoaded:false EditorBounds:IsValid=true, Min=(X=-1638400.000 Y=-1638400.000 Z=-1638400.000), Max=(X=1638400.000 Y=1638400.000 Z=1638400.000) RuntimeBounds:IsValid=true, Min=(X=-1638400.000 Y=-1638400.000 Z=-1638400.000), Max=(X=1638400.000 Y=1638400.000 Z=1638400.000) RuntimeGrid:None EditorOnly:false RuntimeOnly:false HLODRelevant:false ListedInSceneOutliner:true IsMainWorldOnly:false FolderPath:Lighting FolderGuid:0BA5F0A04EADB18E70D5B180D08FA34B
 |   |   |- [+] [ 12]
 |   |   |   |- Guid:E2A3813B9070370BA2AD9069052F1C91 NativeClass:/Script/Engine.StaticMeshActor Name:StaticMeshActor_UAID_0250ADA3612511CE02_1813260034 Label:SM_Cube5 SpatiallyLoaded:true EditorBounds:IsValid=true, Min=(X=-70.000 Y=23.373 Z=-28.740), Max=(X=30.000 Y=2005.764 Z=73.142) RuntimeBounds:IsValid=true, Min=(X=-70.000 Y=23.373 Z=-28.740), Max=(X=30.000 Y=2005.764 Z=73.142) RuntimeGrid:None EditorOnly:false RuntimeOnly:false HLODRelevant:true ListedInSceneOutliner:true IsMainWorldOnly:false FolderPath:Playground FolderGuid:6C02BB504B69D1F3D7A624B130C18E5B
 |   |   |- [+] [ 13]
 |   |   |   |- Guid:F3FB4C0E9B4639E994331DD586D9B895 NativeClass:/Script/Engine.PlayerStart Name:PlayerStart_0 Label:PlayerStart SpatiallyLoaded:false EditorBounds:IsValid=true, Min=(X=772.000 Y=722.000 Z=-35.987), Max=(X=1140.000 Y=978.000 Z=220.013) RuntimeBounds:IsValid=true, Min=(X=860.000 Y=810.000 Z=0.013), Max=(X=940.000 Y=890.000 Z=184.013) RuntimeGrid:None EditorOnly:false RuntimeOnly:false HLODRelevant:false ListedInSceneOutliner:true IsMainWorldOnly:false
 |- ContainerInstances:
 |- [+] MainContainer:
 |   |-        ID: 00000000000000000000000000000000
 |   |-  ParentID: 00000000000000000000000000000000
 |   |-    Bounds: IsValid=false, Min=(X=0.000 Y=0.000 Z=0.000), Max=(X=0.000 Y=0.000 Z=0.000)
 |   |- Transform: 0.000000,0.000000,0.000000|0.000000,0.000000,-0.000000|1.000000,1.000000,1.000000
 |   |- Container: /Game/Assets/Levels/Menu
----------------------------------------------------------------------------------------------------------------
Menu - Persistent Level
----------------------------------------------------------------------------------------------------------------
[+] Content of Menu Persistent Level
 |- Always loaded Actor Count: 14 
 |- Actor Path: /Game/Assets/Levels/Menu.Menu:PersistentLevel.DirectionalLight_1
 |- Actor Package: /Game/__ExternalActors__/Assets/Levels/Menu/E/ON/D9612YT53B56P2LY3FBAIM
 |- Actor Path: /Game/Assets/Levels/Menu.Menu:PersistentLevel.ExponentialHeightFog_0
 |- Actor Package: /Game/__ExternalActors__/Assets/Levels/Menu/D/A3/RH5KDEPW7SHRQ0NEWR4EBR
 |- Actor Path: /Game/Assets/Levels/Menu.Menu:PersistentLevel.PlayerStart_0
 |- Actor Package: /Game/__ExternalActors__/Assets/Levels/Menu/D/VE/EA4OOC4QIYLN1IV6HF241Q
 |- Actor Path: /Game/Assets/Levels/Menu.Menu:PersistentLevel.SkyAtmosphere_0
 |- Actor Package: /Game/__ExternalActors__/Assets/Levels/Menu/C/1I/72U1RXHYWQTEFDNQOY4ZY5
 |- Actor Path: /Game/Assets/Levels/Menu.Menu:PersistentLevel.SkyLight_0
 |- Actor Package: /Game/__ExternalActors__/Assets/Levels/Menu/2/1Q/9MG9LSQULUB8695ONX1MT9
 |- Actor Path: /Game/Assets/Levels/Menu.Menu:PersistentLevel.StaticMeshActor_0
 |- Actor Package: /Game/__ExternalActors__/Assets/Levels/Menu/4/ES/IN2QW3B33PEPAYWF692K1H
 |- Actor Path: /Game/Assets/Levels/Menu.Menu:PersistentLevel.StaticMeshActor_3
 |- Actor Package: /Game/__ExternalActors__/Assets/Levels/Menu/D/PT/VPANRVHZP6M69YVDN33Q1U
 |- Actor Path: /Game/Assets/Levels/Menu.Menu:PersistentLevel.StaticMeshActor_UAID_0250ADA3612511CE02_1787776030
 |- Actor Package: /Game/__ExternalActors__/Assets/Levels/Menu/E/4H/N4HM75M8N79SLT9VGU9X9G
 |- Actor Path: /Game/Assets/Levels/Menu.Menu:PersistentLevel.StaticMeshActor_UAID_0250ADA3612511CE02_1813256033
 |- Actor Package: /Game/__ExternalActors__/Assets/Levels/Menu/B/HD/FY6UF12L2ZDZ04VTW9D1DG
 |- Actor Path: /Game/Assets/Levels/Menu.Menu:PersistentLevel.StaticMeshActor_UAID_0250ADA3612511CE02_1813260034
 |- Actor Package: /Game/__ExternalActors__/Assets/Levels/Menu/3/H8/CETPMISGB9Y4RA4S7NLU2U
 |- Actor Path: /Game/Assets/Levels/Menu.Menu:PersistentLevel.StaticMeshActor_UAID_0250ADA3612514CE02_2142310569
 |- Actor Package: /Game/__ExternalActors__/Assets/Levels/Menu/1/80/JI996RVEACUJMF46J1M7VZ
 |- Actor Path: /Game/Assets/Levels/Menu.Menu:PersistentLevel.StaticMeshActor_UAID_A4AE111137DC5EFB00_2001720423
 |- Actor Package: /Game/__ExternalActors__/Assets/Levels/Menu/E/AB/LYXSL21SKXLR0IDJ4CEDPC
 |- Actor Path: /Game/Assets/Levels/Menu.Menu:PersistentLevel.VolumetricCloud_0
 |- Actor Package: /Game/__ExternalActors__/Assets/Levels/Menu/8/91/SYXSEMRZ118L32QSBS816N
 |- Actor Path: /Game/Assets/Levels/Menu.Menu:PersistentLevel.WorldDataLayers
 |- Actor Package: /Game/__ExternalActors__/Assets/Levels/Menu/2/U7/I0HALB7M3JQIQER3P56F7G

----------------------------------------------------------------------------------------------------------------
Menu - Runtime Hash Set
----------------------------------------------------------------------------------------------------------------

