[+] Containers:
 |- [+] Container: /Game/Assets/Levels/TutorialLevel
 |   |- [+] ActorDescs:
 |   |   |- Guid:08F04BFDEB0E3440AE7F6A00098D81E4 NativeClass:/Script/Engine.SkyAtmosphere Name:SkyAtmosphere_0 Label:SkyAtmosphere SpatiallyLoaded:false EditorBounds:IsValid=true, Min=(X=-128.000 Y=-128.000 Z=892.000), Max=(X=240.000 Y=128.000 Z=1148.000) RuntimeBounds:IsValid=true, Min=(X=0.000 Y=0.000 Z=1020.000), Max=(X=0.000 Y=0.000 Z=1020.000) RuntimeGrid:None EditorOnly:false RuntimeOnly:false HLODRelevant:false ListedInSceneOutliner:true IsMainWorldOnly:false FolderPath:Lighting FolderGuid:0BA5F0A04EADB18E70D5B180D08FA34B
 |   |   |- Guid:0D09D9C720113DEC9657BC6B64D1C255 NativeClass:/Script/Engine.SkyLight Name:SkyLight_0 Label:SkyLight SpatiallyLoaded:false EditorBounds:IsValid=true, Min=(X=-1.000 Y=-1.000 Z=-1.000), Max=(X=1.000 Y=1.000 Z=690.000) RuntimeBounds:IsValid=true, Min=(X=0.000 Y=0.000 Z=690.000), Max=(X=0.000 Y=0.000 Z=690.000) RuntimeGrid:None EditorOnly:false RuntimeOnly:false HLODRelevant:false ListedInSceneOutliner:true IsMainWorldOnly:false FolderPath:Lighting FolderGuid:0BA5F0A04EADB18E70D5B180D08FA34B
 |   |   |- Guid:2BD253031FD93CC28C6F43B1A9028341 NativeClass:/Script/Engine.StaticMeshActor Name:StaticMeshActor_3 Label:SM_Cube2 SpatiallyLoaded:true EditorBounds:IsValid=true, Min=(X=0.000 Y=0.000 Z=-28.740), Max=(X=1607.877 Y=100.000 Z=73.142) RuntimeBounds:IsValid=true, Min=(X=0.000 Y=0.000 Z=-28.740), Max=(X=1607.877 Y=100.000 Z=73.142) RuntimeGrid:None EditorOnly:false RuntimeOnly:false HLODRelevant:true ListedInSceneOutliner:true IsMainWorldOnly:false FolderPath:Playground FolderGuid:6C02BB504B69D1F3D7A624B130C18E5B
 |   |   |- Guid:3E613B583B2738178725B1AFB69CE915 NativeClass:/Script/Engine.DirectionalLight Name:DirectionalLight_1 Label:DirectionalLight SpatiallyLoaded:false EditorBounds:IsValid=false, Min=(X=0.000 Y=0.000 Z=0.000), Max=(X=0.000 Y=0.000 Z=0.000) RuntimeBounds:IsValid=false, Min=(X=0.000 Y=0.000 Z=0.000), Max=(X=0.000 Y=0.000 Z=0.000) RuntimeGrid:None EditorOnly:false RuntimeOnly:false HLODRelevant:false ListedInSceneOutliner:true IsMainWorldOnly:false FolderPath:Lighting FolderGuid:0BA5F0A04EADB18E70D5B180D08FA34B
 |   |   |- Guid:3FA5E8E64180030E1AF8B590942E2292 NativeClass:/Script/Engine.StaticMeshActor Name:StaticMeshActor_UAID_0250ADA3612511CE02_1813260034 Label:SM_Cube5 SpatiallyLoaded:true EditorBounds:IsValid=true, Min=(X=-70.000 Y=23.373 Z=-28.740), Max=(X=30.000 Y=2005.764 Z=73.142) RuntimeBounds:IsValid=true, Min=(X=-70.000 Y=23.373 Z=-28.740), Max=(X=30.000 Y=2005.764 Z=73.142) RuntimeGrid:None EditorOnly:false RuntimeOnly:false HLODRelevant:true ListedInSceneOutliner:true IsMainWorldOnly:false FolderPath:Playground FolderGuid:6C02BB504B69D1F3D7A624B130C18E5B
 |   |   |- Guid:405034E24065BE41F36D5FB636CF944B BaseClass:/Game/Assets/Blueprints/Pickup.Pickup_C NativeClass:/Script/Engine.Actor Name:Pickup_C_UAID_0250ADA3612511CE02_1873048036 Label:Pickup3 SpatiallyLoaded:true EditorBounds:IsValid=true, Min=(X=1399.584 Y=600.100 Z=-0.542), Max=(X=1499.584 Y=700.100 Z=131.958) RuntimeBounds:IsValid=true, Min=(X=1399.584 Y=600.100 Z=-0.542), Max=(X=1499.584 Y=700.100 Z=131.958) RuntimeGrid:None EditorOnly:false RuntimeOnly:false HLODRelevant:false ListedInSceneOutliner:true IsMainWorldOnly:false
 |   |   |- Guid:409E1E78719B3078908D2C58AD0DB073 NativeClass:/Script/NavigationSystem.NavMeshBoundsVolume Name:NavMeshBoundsVolume_UAID_0250ADA36125F0CD02_1963569219 Label:NavMeshBoundsVolume SpatiallyLoaded:false EditorBounds:IsValid=true, Min=(X=-8521.234 Y=-8739.704 Z=-9790.380), Max=(X=11478.766 Y=11260.296 Z=10209.620) RuntimeBounds:IsValid=true, Min=(X=-8521.234 Y=-8739.704 Z=-9790.380), Max=(X=11478.766 Y=11260.296 Z=10209.620) RuntimeGrid:None EditorOnly:false RuntimeOnly:false HLODRelevant:false ListedInSceneOutliner:true IsMainWorldOnly:false
 |   |   |- Guid:6297DA0B40A75FD6ADD051B4BBC21CBA BaseClass:/Game/Assets/Enemy.Enemy_C NativeClass:/Script/Engine.Character Name:Enemy_C_UAID_0250ADA3612512CE02_1552145213 Label:Enemy SpatiallyLoaded:true EditorBounds:IsValid=true, Min=(X=1194.447 Y=1642.514 Z=-20.000), Max=(X=1487.486 Y=1955.274 Z=172.000) RuntimeBounds:IsValid=true, Min=(X=1332.514 Y=1642.514 Z=-20.000), Max=(X=1487.486 Y=1797.486 Z=172.000) RuntimeGrid:None EditorOnly:false RuntimeOnly:false HLODRelevant:false ListedInSceneOutliner:true IsMainWorldOnly:false
 |   |   |- Guid:6D5D23920CE83E34BA77DBF180AD5E87 NativeClass:/Script/Engine.StaticMeshActor Name:StaticMeshActor_UAID_A4AE111137DC5EFB00_2001720423 Label:SM_SkySphere SpatiallyLoaded:false EditorBounds:IsValid=true, Min=(X=-1638400.000 Y=-1638400.000 Z=-1638400.000), Max=(X=1638400.000 Y=1638400.000 Z=1638400.000) RuntimeBounds:IsValid=true, Min=(X=-1638400.000 Y=-1638400.000 Z=-1638400.000), Max=(X=1638400.000 Y=1638400.000 Z=1638400.000) RuntimeGrid:None EditorOnly:false RuntimeOnly:false HLODRelevant:false ListedInSceneOutliner:true IsMainWorldOnly:false FolderPath:Lighting FolderGuid:0BA5F0A04EADB18E70D5B180D08FA34B
 |   |   |- Guid:77171D0B6CFD3366ACC6AE170B0C9F94 NativeClass:/Script/Engine.WorldDataLayers Name:WorldDataLayers Label:WorldDataLayers SpatiallyLoaded:false EditorBounds:IsValid=false, Min=(X=0.000 Y=0.000 Z=0.000), Max=(X=0.000 Y=0.000 Z=0.000) RuntimeBounds:IsValid=false, Min=(X=0.000 Y=0.000 Z=0.000), Max=(X=0.000 Y=0.000 Z=0.000) RuntimeGrid:None EditorOnly:false RuntimeOnly:false HLODRelevant:false ListedInSceneOutliner:true IsMainWorldOnly:true
 |   |   |- Guid:8A54154F4816B8D50E74409FF5286987 BaseClass:/Game/Assets/Blueprints/Pickup.Pickup_C NativeClass:/Script/Engine.Actor Name:Pickup_C_UAID_0250ADA3612511CE02_1871412035 Label:Pickup2 SpatiallyLoaded:true EditorBounds:IsValid=true, Min=(X=1399.584 Y=399.475 Z=-0.542), Max=(X=1499.584 Y=500.725 Z=131.958) RuntimeBounds:IsValid=true, Min=(X=1399.584 Y=399.475 Z=-0.542), Max=(X=1499.584 Y=500.725 Z=131.958) RuntimeGrid:None EditorOnly:false RuntimeOnly:false HLODRelevant:false ListedInSceneOutliner:true IsMainWorldOnly:false
 |   |   |- Guid:8D716CA8AA8E30A9ACF1201C00390601 NativeClass:/Script/Engine.PlayerStart Name:PlayerStart_0 Label:PlayerStart SpatiallyLoaded:false EditorBounds:IsValid=true, Min=(X=772.000 Y=722.000 Z=-35.987), Max=(X=1140.000 Y=978.000 Z=220.013) RuntimeBounds:IsValid=true, Min=(X=860.000 Y=810.000 Z=0.013), Max=(X=940.000 Y=890.000 Z=184.013) RuntimeGrid:None EditorOnly:false RuntimeOnly:false HLODRelevant:false ListedInSceneOutliner:true IsMainWorldOnly:false
 |   |   |- Guid:948DB51446E943589B153D988E5AA209 NativeClass:/Script/Engine.StaticMeshActor Name:StaticMeshActor_UAID_0250ADA3612511CE02_1787776030 Label:SM_Cube3 SpatiallyLoaded:true EditorBounds:IsValid=true, Min=(X=0.000 Y=1883.373 Z=-28.740), Max=(X=1607.877 Y=1983.373 Z=73.142) RuntimeBounds:IsValid=true, Min=(X=0.000 Y=1883.373 Z=-28.740), Max=(X=1607.877 Y=1983.373 Z=73.142) RuntimeGrid:None EditorOnly:false RuntimeOnly:false HLODRelevant:true ListedInSceneOutliner:true IsMainWorldOnly:false FolderPath:Playground FolderGuid:6C02BB504B69D1F3D7A624B130C18E5B
 |   |   |- Guid:AF58CED94DBEF82D8EF79C9D49DF63A1 NativeClass:/Script/Engine.StaticMeshActor Name:StaticMeshActor_UAID_0250ADA3612511CE02_1813256033 Label:SM_Cube4 SpatiallyLoaded:true EditorBounds:IsValid=true, Min=(X=1553.373 Y=23.373 Z=-28.740), Max=(X=1653.373 Y=2005.764 Z=73.142) RuntimeBounds:IsValid=true, Min=(X=1553.373 Y=23.373 Z=-28.740), Max=(X=1653.373 Y=2005.764 Z=73.142) RuntimeGrid:None EditorOnly:false RuntimeOnly:false HLODRelevant:true ListedInSceneOutliner:true IsMainWorldOnly:false FolderPath:Playground FolderGuid:6C02BB504B69D1F3D7A624B130C18E5B
 |   |   |- Guid:B98528A7F02A3B719128BA934EA9E2B7 NativeClass:/Script/Engine.ExponentialHeightFog Name:ExponentialHeightFog_0 Label:ExponentialHeightFog SpatiallyLoaded:false EditorBounds:IsValid=true, Min=(X=-5728.000 Y=-178.000 Z=-6978.000), Max=(X=-5472.000 Y=78.000 Z=-6722.000) RuntimeBounds:IsValid=true, Min=(X=-5600.000 Y=-50.000 Z=-6850.000), Max=(X=-5600.000 Y=-50.000 Z=-6850.000) RuntimeGrid:None EditorOnly:false RuntimeOnly:false HLODRelevant:false ListedInSceneOutliner:true IsMainWorldOnly:false FolderPath:Lighting FolderGuid:0BA5F0A04EADB18E70D5B180D08FA34B
 |   |   |- Guid:C6EAC172623F32D19E629C090484F724 BaseClass:/Game/Assets/Blueprints/Pickup.Pickup_C NativeClass:/Script/Engine.Actor Name:Pickup_C_UAID_0250ADA36125EECD02_1265573866 Label:Pickup SpatiallyLoaded:true EditorBounds:IsValid=true, Min=(X=1399.584 Y=190.100 Z=-0.542), Max=(X=1499.584 Y=290.100 Z=131.958) RuntimeBounds:IsValid=true, Min=(X=1399.584 Y=190.100 Z=-0.542), Max=(X=1499.584 Y=290.100 Z=131.958) RuntimeGrid:None EditorOnly:false RuntimeOnly:false HLODRelevant:false ListedInSceneOutliner:true IsMainWorldOnly:false
 |   |   |- Guid:CA9BEBB955B63E949BE92C465FA0578D NativeClass:/Script/Engine.StaticMeshActor Name:StaticMeshActor_0 Label:SM_Cube SpatiallyLoaded:true EditorBounds:IsValid=true, Min=(X=0.000 Y=0.000 Z=-50.000), Max=(X=1641.774 Y=1915.404 Z=-22.637) RuntimeBounds:IsValid=true, Min=(X=0.000 Y=0.000 Z=-50.000), Max=(X=1641.774 Y=1915.404 Z=-22.637) RuntimeGrid:None EditorOnly:false RuntimeOnly:false HLODRelevant:true ListedInSceneOutliner:true IsMainWorldOnly:false FolderPath:Playground FolderGuid:6C02BB504B69D1F3D7A624B130C18E5B
 |   |   |- Guid:DD23ACC75FF53FABB5062D04BC904742 NativeClass:/Script/Engine.PostProcessVolume Name:PostProcessVolume_0 Label:PostProcessVolume SpatiallyLoaded:false EditorBounds:IsValid=true, Min=(X=0.000 Y=0.000 Z=400.000), Max=(X=200.000 Y=200.000 Z=600.000) RuntimeBounds:IsValid=true, Min=(X=0.000 Y=0.000 Z=400.000), Max=(X=200.000 Y=200.000 Z=600.000) RuntimeGrid:None EditorOnly:false RuntimeOnly:false HLODRelevant:false ListedInSceneOutliner:true IsMainWorldOnly:false FolderPath:Lighting FolderGuid:0BA5F0A04EADB18E70D5B180D08FA34B
 |   |   |- Guid:E461ED3DE6E73CBFAFDA6F946B0DAE4E NativeClass:/Script/Engine.VolumetricCloud Name:VolumetricCloud_0 Label:VolumetricCloud SpatiallyLoaded:false EditorBounds:IsValid=true, Min=(X=-128.000 Y=-128.000 Z=692.000), Max=(X=128.000 Y=128.000 Z=948.000) RuntimeBounds:IsValid=true, Min=(X=0.000 Y=0.000 Z=820.000), Max=(X=0.000 Y=0.000 Z=820.000) RuntimeGrid:None EditorOnly:false RuntimeOnly:false HLODRelevant:false ListedInSceneOutliner:true IsMainWorldOnly:false FolderPath:Lighting FolderGuid:0BA5F0A04EADB18E70D5B180D08FA34B
 |   |   |- Guid:F6307782F17E3411A9306D92C8848AD2 NativeClass:/Script/Engine.TextRenderActor Name:TextRenderActor_1 Label:TextRenderActor SpatiallyLoaded:true EditorBounds:IsValid=true, Min=(X=-128.100 Y=972.000 Z=12.013), Max=(X=127.900 Y=2363.461 Z=268.013) RuntimeBounds:IsValid=true, Min=(X=-0.100 Y=1100.000 Z=65.013), Max=(X=-0.100 Y=2363.461 Z=215.013) RuntimeGrid:None EditorOnly:false RuntimeOnly:false HLODRelevant:false ListedInSceneOutliner:true IsMainWorldOnly:false
 |   |   |- Guid:FBF8D53AFEF1384DAD822BDCFE4FA435 NativeClass:/Script/NavigationSystem.RecastNavMesh Name:RecastNavMesh_UAID_0250ADA36125F0CD02-Default Label:RecastNavMesh-Default SpatiallyLoaded:false EditorBounds:IsValid=true, Min=(X=0.000 Y=0.000 Z=0.000), Max=(X=0.000 Y=0.000 Z=0.000) RuntimeBounds:IsValid=true, Min=(X=0.000 Y=0.000 Z=0.000), Max=(X=0.000 Y=0.000 Z=0.000) RuntimeGrid:None EditorOnly:false RuntimeOnly:false HLODRelevant:false ListedInSceneOutliner:true IsMainWorldOnly:false
 |   |- [+] Clusters:
 |   |   |- [+] [  0]
 |   |   |   |- Guid:08F04BFDEB0E3440AE7F6A00098D81E4 NativeClass:/Script/Engine.SkyAtmosphere Name:SkyAtmosphere_0 Label:SkyAtmosphere SpatiallyLoaded:false EditorBounds:IsValid=true, Min=(X=-128.000 Y=-128.000 Z=892.000), Max=(X=240.000 Y=128.000 Z=1148.000) RuntimeBounds:IsValid=true, Min=(X=0.000 Y=0.000 Z=1020.000), Max=(X=0.000 Y=0.000 Z=1020.000) RuntimeGrid:None EditorOnly:false RuntimeOnly:false HLODRelevant:false ListedInSceneOutliner:true IsMainWorldOnly:false FolderPath:Lighting FolderGuid:0BA5F0A04EADB18E70D5B180D08FA34B
 |   |   |- [+] [  1]
 |   |   |   |- Guid:0D09D9C720113DEC9657BC6B64D1C255 NativeClass:/Script/Engine.SkyLight Name:SkyLight_0 Label:SkyLight SpatiallyLoaded:false EditorBounds:IsValid=true, Min=(X=-1.000 Y=-1.000 Z=-1.000), Max=(X=1.000 Y=1.000 Z=690.000) RuntimeBounds:IsValid=true, Min=(X=0.000 Y=0.000 Z=690.000), Max=(X=0.000 Y=0.000 Z=690.000) RuntimeGrid:None EditorOnly:false RuntimeOnly:false HLODRelevant:false ListedInSceneOutliner:true IsMainWorldOnly:false FolderPath:Lighting FolderGuid:0BA5F0A04EADB18E70D5B180D08FA34B
 |   |   |- [+] [  2]
 |   |   |   |- Guid:2BD253031FD93CC28C6F43B1A9028341 NativeClass:/Script/Engine.StaticMeshActor Name:StaticMeshActor_3 Label:SM_Cube2 SpatiallyLoaded:true EditorBounds:IsValid=true, Min=(X=0.000 Y=0.000 Z=-28.740), Max=(X=1607.877 Y=100.000 Z=73.142) RuntimeBounds:IsValid=true, Min=(X=0.000 Y=0.000 Z=-28.740), Max=(X=1607.877 Y=100.000 Z=73.142) RuntimeGrid:None EditorOnly:false RuntimeOnly:false HLODRelevant:true ListedInSceneOutliner:true IsMainWorldOnly:false FolderPath:Playground FolderGuid:6C02BB504B69D1F3D7A624B130C18E5B
 |   |   |- [+] [  3]
 |   |   |   |- Guid:3E613B583B2738178725B1AFB69CE915 NativeClass:/Script/Engine.DirectionalLight Name:DirectionalLight_1 Label:DirectionalLight SpatiallyLoaded:false EditorBounds:IsValid=false, Min=(X=0.000 Y=0.000 Z=0.000), Max=(X=0.000 Y=0.000 Z=0.000) RuntimeBounds:IsValid=false, Min=(X=0.000 Y=0.000 Z=0.000), Max=(X=0.000 Y=0.000 Z=0.000) RuntimeGrid:None EditorOnly:false RuntimeOnly:false HLODRelevant:false ListedInSceneOutliner:true IsMainWorldOnly:false FolderPath:Lighting FolderGuid:0BA5F0A04EADB18E70D5B180D08FA34B
 |   |   |- [+] [  4]
 |   |   |   |- Guid:3FA5E8E64180030E1AF8B590942E2292 NativeClass:/Script/Engine.StaticMeshActor Name:StaticMeshActor_UAID_0250ADA3612511CE02_1813260034 Label:SM_Cube5 SpatiallyLoaded:true EditorBounds:IsValid=true, Min=(X=-70.000 Y=23.373 Z=-28.740), Max=(X=30.000 Y=2005.764 Z=73.142) RuntimeBounds:IsValid=true, Min=(X=-70.000 Y=23.373 Z=-28.740), Max=(X=30.000 Y=2005.764 Z=73.142) RuntimeGrid:None EditorOnly:false RuntimeOnly:false HLODRelevant:true ListedInSceneOutliner:true IsMainWorldOnly:false FolderPath:Playground FolderGuid:6C02BB504B69D1F3D7A624B130C18E5B
 |   |   |- [+] [  5]
 |   |   |   |- Guid:405034E24065BE41F36D5FB636CF944B BaseClass:/Game/Assets/Blueprints/Pickup.Pickup_C NativeClass:/Script/Engine.Actor Name:Pickup_C_UAID_0250ADA3612511CE02_1873048036 Label:Pickup3 SpatiallyLoaded:true EditorBounds:IsValid=true, Min=(X=1399.584 Y=600.100 Z=-0.542), Max=(X=1499.584 Y=700.100 Z=131.958) RuntimeBounds:IsValid=true, Min=(X=1399.584 Y=600.100 Z=-0.542), Max=(X=1499.584 Y=700.100 Z=131.958) RuntimeGrid:None EditorOnly:false RuntimeOnly:false HLODRelevant:false ListedInSceneOutliner:true IsMainWorldOnly:false
 |   |   |- [+] [  6]
 |   |   |   |- Guid:409E1E78719B3078908D2C58AD0DB073 NativeClass:/Script/NavigationSystem.NavMeshBoundsVolume Name:NavMeshBoundsVolume_UAID_0250ADA36125F0CD02_1963569219 Label:NavMeshBoundsVolume SpatiallyLoaded:false EditorBounds:IsValid=true, Min=(X=-8521.234 Y=-8739.704 Z=-9790.380), Max=(X=11478.766 Y=11260.296 Z=10209.620) RuntimeBounds:IsValid=true, Min=(X=-8521.234 Y=-8739.704 Z=-9790.380), Max=(X=11478.766 Y=11260.296 Z=10209.620) RuntimeGrid:None EditorOnly:false RuntimeOnly:false HLODRelevant:false ListedInSceneOutliner:true IsMainWorldOnly:false
 |   |   |- [+] [  7]
 |   |   |   |- Guid:6297DA0B40A75FD6ADD051B4BBC21CBA BaseClass:/Game/Assets/Enemy.Enemy_C NativeClass:/Script/Engine.Character Name:Enemy_C_UAID_0250ADA3612512CE02_1552145213 Label:Enemy SpatiallyLoaded:true EditorBounds:IsValid=true, Min=(X=1194.447 Y=1642.514 Z=-20.000), Max=(X=1487.486 Y=1955.274 Z=172.000) RuntimeBounds:IsValid=true, Min=(X=1332.514 Y=1642.514 Z=-20.000), Max=(X=1487.486 Y=1797.486 Z=172.000) RuntimeGrid:None EditorOnly:false RuntimeOnly:false HLODRelevant:false ListedInSceneOutliner:true IsMainWorldOnly:false
 |   |   |- [+] [  8]
 |   |   |   |- Guid:6D5D23920CE83E34BA77DBF180AD5E87 NativeClass:/Script/Engine.StaticMeshActor Name:StaticMeshActor_UAID_A4AE111137DC5EFB00_2001720423 Label:SM_SkySphere SpatiallyLoaded:false EditorBounds:IsValid=true, Min=(X=-1638400.000 Y=-1638400.000 Z=-1638400.000), Max=(X=1638400.000 Y=1638400.000 Z=1638400.000) RuntimeBounds:IsValid=true, Min=(X=-1638400.000 Y=-1638400.000 Z=-1638400.000), Max=(X=1638400.000 Y=1638400.000 Z=1638400.000) RuntimeGrid:None EditorOnly:false RuntimeOnly:false HLODRelevant:false ListedInSceneOutliner:true IsMainWorldOnly:false FolderPath:Lighting FolderGuid:0BA5F0A04EADB18E70D5B180D08FA34B
 |   |   |- [+] [  9]
 |   |   |   |- Guid:77171D0B6CFD3366ACC6AE170B0C9F94 NativeClass:/Script/Engine.WorldDataLayers Name:WorldDataLayers Label:WorldDataLayers SpatiallyLoaded:false EditorBounds:IsValid=false, Min=(X=0.000 Y=0.000 Z=0.000), Max=(X=0.000 Y=0.000 Z=0.000) RuntimeBounds:IsValid=false, Min=(X=0.000 Y=0.000 Z=0.000), Max=(X=0.000 Y=0.000 Z=0.000) RuntimeGrid:None EditorOnly:false RuntimeOnly:false HLODRelevant:false ListedInSceneOutliner:true IsMainWorldOnly:true
 |   |   |- [+] [ 10]
 |   |   |   |- Guid:8A54154F4816B8D50E74409FF5286987 BaseClass:/Game/Assets/Blueprints/Pickup.Pickup_C NativeClass:/Script/Engine.Actor Name:Pickup_C_UAID_0250ADA3612511CE02_1871412035 Label:Pickup2 SpatiallyLoaded:true EditorBounds:IsValid=true, Min=(X=1399.584 Y=399.475 Z=-0.542), Max=(X=1499.584 Y=500.725 Z=131.958) RuntimeBounds:IsValid=true, Min=(X=1399.584 Y=399.475 Z=-0.542), Max=(X=1499.584 Y=500.725 Z=131.958) RuntimeGrid:None EditorOnly:false RuntimeOnly:false HLODRelevant:false ListedInSceneOutliner:true IsMainWorldOnly:false
 |   |   |- [+] [ 11]
 |   |   |   |- Guid:8D716CA8AA8E30A9ACF1201C00390601 NativeClass:/Script/Engine.PlayerStart Name:PlayerStart_0 Label:PlayerStart SpatiallyLoaded:false EditorBounds:IsValid=true, Min=(X=772.000 Y=722.000 Z=-35.987), Max=(X=1140.000 Y=978.000 Z=220.013) RuntimeBounds:IsValid=true, Min=(X=860.000 Y=810.000 Z=0.013), Max=(X=940.000 Y=890.000 Z=184.013) RuntimeGrid:None EditorOnly:false RuntimeOnly:false HLODRelevant:false ListedInSceneOutliner:true IsMainWorldOnly:false
 |   |   |- [+] [ 12]
 |   |   |   |- Guid:948DB51446E943589B153D988E5AA209 NativeClass:/Script/Engine.StaticMeshActor Name:StaticMeshActor_UAID_0250ADA3612511CE02_1787776030 Label:SM_Cube3 SpatiallyLoaded:true EditorBounds:IsValid=true, Min=(X=0.000 Y=1883.373 Z=-28.740), Max=(X=1607.877 Y=1983.373 Z=73.142) RuntimeBounds:IsValid=true, Min=(X=0.000 Y=1883.373 Z=-28.740), Max=(X=1607.877 Y=1983.373 Z=73.142) RuntimeGrid:None EditorOnly:false RuntimeOnly:false HLODRelevant:true ListedInSceneOutliner:true IsMainWorldOnly:false FolderPath:Playground FolderGuid:6C02BB504B69D1F3D7A624B130C18E5B
 |   |   |- [+] [ 13]
 |   |   |   |- Guid:AF58CED94DBEF82D8EF79C9D49DF63A1 NativeClass:/Script/Engine.StaticMeshActor Name:StaticMeshActor_UAID_0250ADA3612511CE02_1813256033 Label:SM_Cube4 SpatiallyLoaded:true EditorBounds:IsValid=true, Min=(X=1553.373 Y=23.373 Z=-28.740), Max=(X=1653.373 Y=2005.764 Z=73.142) RuntimeBounds:IsValid=true, Min=(X=1553.373 Y=23.373 Z=-28.740), Max=(X=1653.373 Y=2005.764 Z=73.142) RuntimeGrid:None EditorOnly:false RuntimeOnly:false HLODRelevant:true ListedInSceneOutliner:true IsMainWorldOnly:false FolderPath:Playground FolderGuid:6C02BB504B69D1F3D7A624B130C18E5B
 |   |   |- [+] [ 14]
 |   |   |   |- Guid:B98528A7F02A3B719128BA934EA9E2B7 NativeClass:/Script/Engine.ExponentialHeightFog Name:ExponentialHeightFog_0 Label:ExponentialHeightFog SpatiallyLoaded:false EditorBounds:IsValid=true, Min=(X=-5728.000 Y=-178.000 Z=-6978.000), Max=(X=-5472.000 Y=78.000 Z=-6722.000) RuntimeBounds:IsValid=true, Min=(X=-5600.000 Y=-50.000 Z=-6850.000), Max=(X=-5600.000 Y=-50.000 Z=-6850.000) RuntimeGrid:None EditorOnly:false RuntimeOnly:false HLODRelevant:false ListedInSceneOutliner:true IsMainWorldOnly:false FolderPath:Lighting FolderGuid:0BA5F0A04EADB18E70D5B180D08FA34B
 |   |   |- [+] [ 15]
 |   |   |   |- Guid:C6EAC172623F32D19E629C090484F724 BaseClass:/Game/Assets/Blueprints/Pickup.Pickup_C NativeClass:/Script/Engine.Actor Name:Pickup_C_UAID_0250ADA36125EECD02_1265573866 Label:Pickup SpatiallyLoaded:true EditorBounds:IsValid=true, Min=(X=1399.584 Y=190.100 Z=-0.542), Max=(X=1499.584 Y=290.100 Z=131.958) RuntimeBounds:IsValid=true, Min=(X=1399.584 Y=190.100 Z=-0.542), Max=(X=1499.584 Y=290.100 Z=131.958) RuntimeGrid:None EditorOnly:false RuntimeOnly:false HLODRelevant:false ListedInSceneOutliner:true IsMainWorldOnly:false
 |   |   |- [+] [ 16]
 |   |   |   |- Guid:CA9BEBB955B63E949BE92C465FA0578D NativeClass:/Script/Engine.StaticMeshActor Name:StaticMeshActor_0 Label:SM_Cube SpatiallyLoaded:true EditorBounds:IsValid=true, Min=(X=0.000 Y=0.000 Z=-50.000), Max=(X=1641.774 Y=1915.404 Z=-22.637) RuntimeBounds:IsValid=true, Min=(X=0.000 Y=0.000 Z=-50.000), Max=(X=1641.774 Y=1915.404 Z=-22.637) RuntimeGrid:None EditorOnly:false RuntimeOnly:false HLODRelevant:true ListedInSceneOutliner:true IsMainWorldOnly:false FolderPath:Playground FolderGuid:6C02BB504B69D1F3D7A624B130C18E5B
 |   |   |- [+] [ 17]
 |   |   |   |- Guid:DD23ACC75FF53FABB5062D04BC904742 NativeClass:/Script/Engine.PostProcessVolume Name:PostProcessVolume_0 Label:PostProcessVolume SpatiallyLoaded:false EditorBounds:IsValid=true, Min=(X=0.000 Y=0.000 Z=400.000), Max=(X=200.000 Y=200.000 Z=600.000) RuntimeBounds:IsValid=true, Min=(X=0.000 Y=0.000 Z=400.000), Max=(X=200.000 Y=200.000 Z=600.000) RuntimeGrid:None EditorOnly:false RuntimeOnly:false HLODRelevant:false ListedInSceneOutliner:true IsMainWorldOnly:false FolderPath:Lighting FolderGuid:0BA5F0A04EADB18E70D5B180D08FA34B
 |   |   |- [+] [ 18]
 |   |   |   |- Guid:E461ED3DE6E73CBFAFDA6F946B0DAE4E NativeClass:/Script/Engine.VolumetricCloud Name:VolumetricCloud_0 Label:VolumetricCloud SpatiallyLoaded:false EditorBounds:IsValid=true, Min=(X=-128.000 Y=-128.000 Z=692.000), Max=(X=128.000 Y=128.000 Z=948.000) RuntimeBounds:IsValid=true, Min=(X=0.000 Y=0.000 Z=820.000), Max=(X=0.000 Y=0.000 Z=820.000) RuntimeGrid:None EditorOnly:false RuntimeOnly:false HLODRelevant:false ListedInSceneOutliner:true IsMainWorldOnly:false FolderPath:Lighting FolderGuid:0BA5F0A04EADB18E70D5B180D08FA34B
 |   |   |- [+] [ 19]
 |   |   |   |- Guid:F6307782F17E3411A9306D92C8848AD2 NativeClass:/Script/Engine.TextRenderActor Name:TextRenderActor_1 Label:TextRenderActor SpatiallyLoaded:true EditorBounds:IsValid=true, Min=(X=-128.100 Y=972.000 Z=12.013), Max=(X=127.900 Y=2363.461 Z=268.013) RuntimeBounds:IsValid=true, Min=(X=-0.100 Y=1100.000 Z=65.013), Max=(X=-0.100 Y=2363.461 Z=215.013) RuntimeGrid:None EditorOnly:false RuntimeOnly:false HLODRelevant:false ListedInSceneOutliner:true IsMainWorldOnly:false
 |   |   |- [+] [ 20]
 |   |   |   |- Guid:FBF8D53AFEF1384DAD822BDCFE4FA435 NativeClass:/Script/NavigationSystem.RecastNavMesh Name:RecastNavMesh_UAID_0250ADA36125F0CD02-Default Label:RecastNavMesh-Default SpatiallyLoaded:false EditorBounds:IsValid=true, Min=(X=0.000 Y=0.000 Z=0.000), Max=(X=0.000 Y=0.000 Z=0.000) RuntimeBounds:IsValid=true, Min=(X=0.000 Y=0.000 Z=0.000), Max=(X=0.000 Y=0.000 Z=0.000) RuntimeGrid:None EditorOnly:false RuntimeOnly:false HLODRelevant:false ListedInSceneOutliner:true IsMainWorldOnly:false
 |- ContainerInstances:
 |- [+] MainContainer:
 |   |-        ID: 00000000000000000000000000000000
 |   |-  ParentID: 00000000000000000000000000000000
 |   |-    Bounds: IsValid=false, Min=(X=0.000 Y=0.000 Z=0.000), Max=(X=0.000 Y=0.000 Z=0.000)
 |   |- Transform: 0.000000,0.000000,0.000000|0.000000,0.000000,-0.000000|1.000000,1.000000,1.000000
 |   |- Container: /Game/Assets/Levels/TutorialLevel
----------------------------------------------------------------------------------------------------------------
TutorialLevel - Persistent Level
----------------------------------------------------------------------------------------------------------------
[+] Content of TutorialLevel Persistent Level
 |- Always loaded Actor Count: 21 
 |- Actor Path: /Game/Assets/Levels/TutorialLevel.TutorialLevel:PersistentLevel.DirectionalLight_1
 |- Actor Package: /Game/__ExternalActors__/Assets/Levels/TutorialLevel/D/CZ/I6SD3EMNVF2B9R2X4C4521
 |- Actor Path: /Game/Assets/Levels/TutorialLevel.TutorialLevel:PersistentLevel.Enemy_C_UAID_0250ADA3612512CE02_1552145213
 |- Actor Package: /Game/__ExternalActors__/Assets/Levels/TutorialLevel/B/3N/VO0OSIIH3QUXKLSU5LSBP1
 |- Actor Path: /Game/Assets/Levels/TutorialLevel.TutorialLevel:PersistentLevel.ExponentialHeightFog_0
 |- Actor Package: /Game/__ExternalActors__/Assets/Levels/TutorialLevel/2/KB/5ZURHQGKNOXVNJNZYGO7BY
 |- Actor Path: /Game/Assets/Levels/TutorialLevel.TutorialLevel:PersistentLevel.NavMeshBoundsVolume_UAID_0250ADA36125F0CD02_1963569219
 |- Actor Package: /Game/__ExternalActors__/Assets/Levels/TutorialLevel/0/NM/I0V91F250FLASGRZU9TBW0
 |- Actor Path: /Game/Assets/Levels/TutorialLevel.TutorialLevel:PersistentLevel.Pickup_C_UAID_0250ADA3612511CE02_1871412035
 |- Actor Package: /Game/__ExternalActors__/Assets/Levels/TutorialLevel/A/OI/RNC69TTSE3EYU5MY9P3EVO
 |- Actor Path: /Game/Assets/Levels/TutorialLevel.TutorialLevel:PersistentLevel.Pickup_C_UAID_0250ADA3612511CE02_1873048036
 |- Actor Package: /Game/__ExternalActors__/Assets/Levels/TutorialLevel/2/73/YGLU8BL7S7F72G1ZBQL69F
 |- Actor Path: /Game/Assets/Levels/TutorialLevel.TutorialLevel:PersistentLevel.Pickup_C_UAID_0250ADA36125EECD02_1265573866
 |- Actor Package: /Game/__ExternalActors__/Assets/Levels/TutorialLevel/2/MP/OLRJYZMXBBHAKSZ414JMM0
 |- Actor Path: /Game/Assets/Levels/TutorialLevel.TutorialLevel:PersistentLevel.PlayerStart_0
 |- Actor Package: /Game/__ExternalActors__/Assets/Levels/TutorialLevel/4/5V/H6TKFELLGA32D6B1JUQIPV
 |- Actor Path: /Game/Assets/Levels/TutorialLevel.TutorialLevel:PersistentLevel.PostProcessVolume_0
 |- Actor Package: /Game/__ExternalActors__/Assets/Levels/TutorialLevel/3/U1/YMY6HTXIXJ4MRPM5PRMBH4
 |- Actor Path: /Game/Assets/Levels/TutorialLevel.TutorialLevel:PersistentLevel.RecastNavMesh_UAID_0250ADA36125F0CD02-Default
 |- Actor Package: /Game/__ExternalActors__/Assets/Levels/TutorialLevel/2/P6/QZFEBA2BBO0FDBNN9XCQZE
 |- Actor Path: /Game/Assets/Levels/TutorialLevel.TutorialLevel:PersistentLevel.SkyAtmosphere_0
 |- Actor Package: /Game/__ExternalActors__/Assets/Levels/TutorialLevel/D/ZU/5Y333J0CD4SYPC4S6CVO8Z
 |- Actor Path: /Game/Assets/Levels/TutorialLevel.TutorialLevel:PersistentLevel.SkyLight_0
 |- Actor Package: /Game/__ExternalActors__/Assets/Levels/TutorialLevel/1/LD/4RGWRW9KP3DUI1L1M2911G
 |- Actor Path: /Game/Assets/Levels/TutorialLevel.TutorialLevel:PersistentLevel.StaticMeshActor_0
 |- Actor Package: /Game/__ExternalActors__/Assets/Levels/TutorialLevel/8/M0/E8ECEUPPVYRDKBP9NYP9BA
 |- Actor Path: /Game/Assets/Levels/TutorialLevel.TutorialLevel:PersistentLevel.StaticMeshActor_3
 |- Actor Package: /Game/__ExternalActors__/Assets/Levels/TutorialLevel/2/O7/LMQ7BQCVODAMMIV0LP0EMR
 |- Actor Path: /Game/Assets/Levels/TutorialLevel.TutorialLevel:PersistentLevel.StaticMeshActor_UAID_0250ADA3612511CE02_1787776030
 |- Actor Package: /Game/__ExternalActors__/Assets/Levels/TutorialLevel/A/7M/SM9RIVRIKG0QJUK56AW8YL
 |- Actor Path: /Game/Assets/Levels/TutorialLevel.TutorialLevel:PersistentLevel.StaticMeshActor_UAID_0250ADA3612511CE02_1813256033
 |- Actor Package: /Game/__ExternalActors__/Assets/Levels/TutorialLevel/A/H6/IAIDQH2GOKW9YQIO978QWN
 |- Actor Path: /Game/Assets/Levels/TutorialLevel.TutorialLevel:PersistentLevel.StaticMeshActor_UAID_0250ADA3612511CE02_1813260034
 |- Actor Package: /Game/__ExternalActors__/Assets/Levels/TutorialLevel/D/1Z/MVMY96SW4AXVXDGC3FJHMP
 |- Actor Path: /Game/Assets/Levels/TutorialLevel.TutorialLevel:PersistentLevel.StaticMeshActor_UAID_A4AE111137DC5EFB00_2001720423
 |- Actor Package: /Game/__ExternalActors__/Assets/Levels/TutorialLevel/6/SF/2ZC673GSG0AONEO8AX1YGN
 |- Actor Path: /Game/Assets/Levels/TutorialLevel.TutorialLevel:PersistentLevel.TextRenderActor_1
 |- Actor Package: /Game/__ExternalActors__/Assets/Levels/TutorialLevel/D/IR/Y27PXBH414U2C5TZLFW5WZ
 |- Actor Path: /Game/Assets/Levels/TutorialLevel.TutorialLevel:PersistentLevel.VolumetricCloud_0
 |- Actor Package: /Game/__ExternalActors__/Assets/Levels/TutorialLevel/B/7P/UPWA5TIW6G5KFYZ32WV3VQ
 |- Actor Path: /Game/Assets/Levels/TutorialLevel.TutorialLevel:PersistentLevel.WorldDataLayers
 |- Actor Package: /Game/__ExternalActors__/Assets/Levels/TutorialLevel/B/BV/H1QPHP8L5GBBNYZOE2QC3G

----------------------------------------------------------------------------------------------------------------
TutorialLevel - Runtime Hash Set
----------------------------------------------------------------------------------------------------------------

