[+] Containers:
 |- [+] Container: /Game/Assets/Levels/TutorialLevel
 |   |- [+] ActorDescs:
 |   |   |- Guid:05FD564B4C51D25D08A37ABC3EFBDA0A NativeClass:/Script/Engine.TextRenderActor Name:TextRenderActor_UAID_0250ADA3612514CE02_2142315571 Label:TextRenderActor5 SpatiallyLoaded:true EditorBounds:IsValid=true, Min=(X=1601.900 Y=1145.215 Z=72.013), Max=(X=1857.900 Y=1694.785 Z=328.013) RuntimeBounds:IsValid=true, Min=(X=1729.900 Y=1145.215 Z=174.856), Max=(X=1729.900 Y=1694.785 Z=225.169) RuntimeGrid:None EditorOnly:false RuntimeOnly:false HLODRelevant:false ListedInSceneOutliner:true IsMainWorldOnly:false
 |   |   |- Guid:08F04BFDEB0E3440AE7F6A00098D81E4 NativeClass:/Script/Engine.SkyAtmosphere Name:SkyAtmosphere_0 Label:SkyAtmosphere SpatiallyLoaded:false EditorBounds:IsValid=true, Min=(X=-128.000 Y=-128.000 Z=892.000), Max=(X=240.000 Y=128.000 Z=1148.000) RuntimeBounds:IsValid=true, Min=(X=0.000 Y=0.000 Z=1020.000), Max=(X=0.000 Y=0.000 Z=1020.000) RuntimeGrid:None EditorOnly:false RuntimeOnly:false HLODRelevant:false ListedInSceneOutliner:true IsMainWorldOnly:false FolderPath:Lighting FolderGuid:0BA5F0A04EADB18E70D5B180D08FA34B
 |   |   |- Guid:0D09D9C720113DEC9657BC6B64D1C255 NativeClass:/Script/Engine.SkyLight Name:SkyLight_0 Label:SkyLight SpatiallyLoaded:false EditorBounds:IsValid=true, Min=(X=-1.000 Y=-1.000 Z=-1.000), Max=(X=1.000 Y=1.000 Z=690.000) RuntimeBounds:IsValid=true, Min=(X=0.000 Y=0.000 Z=690.000), Max=(X=0.000 Y=0.000 Z=690.000) RuntimeGrid:None EditorOnly:false RuntimeOnly:false HLODRelevant:false ListedInSceneOutliner:true IsMainWorldOnly:false FolderPath:Lighting FolderGuid:0BA5F0A04EADB18E70D5B180D08FA34B
 |   |   |- Guid:257FAF9E436454FA7A4B06AEE9F990AC NativeClass:/Script/Engine.TextRenderActor Name:TextRenderActor_UAID_0250ADA3612514CE02_2142313570 Label:TextRenderActor4 SpatiallyLoaded:true EditorBounds:IsValid=true, Min=(X=1591.900 Y=1172.000 Z=152.013), Max=(X=1847.900 Y=1563.147 Z=408.013) RuntimeBounds:IsValid=true, Min=(X=1719.900 Y=1300.000 Z=228.181), Max=(X=1719.900 Y=1563.147 Z=331.845) RuntimeGrid:None EditorOnly:false RuntimeOnly:false HLODRelevant:false ListedInSceneOutliner:true IsMainWorldOnly:false
 |   |   |- Guid:2BD253031FD93CC28C6F43B1A9028341 NativeClass:/Script/Engine.StaticMeshActor Name:StaticMeshActor_3 Label:SM_Cube2 SpatiallyLoaded:true EditorBounds:IsValid=true, Min=(X=0.000 Y=0.000 Z=-28.740), Max=(X=1607.877 Y=100.000 Z=73.142) RuntimeBounds:IsValid=true, Min=(X=0.000 Y=0.000 Z=-28.740), Max=(X=1607.877 Y=100.000 Z=73.142) RuntimeGrid:None EditorOnly:false RuntimeOnly:false HLODRelevant:true ListedInSceneOutliner:true IsMainWorldOnly:false FolderPath:Playground FolderGuid:6C02BB504B69D1F3D7A624B130C18E5B
 |   |   |- Guid:3E613B583B2738178725B1AFB69CE915 NativeClass:/Script/Engine.DirectionalLight Name:DirectionalLight_1 Label:DirectionalLight SpatiallyLoaded:false EditorBounds:IsValid=false, Min=(X=0.000 Y=0.000 Z=0.000), Max=(X=0.000 Y=0.000 Z=0.000) RuntimeBounds:IsValid=false, Min=(X=0.000 Y=0.000 Z=0.000), Max=(X=0.000 Y=0.000 Z=0.000) RuntimeGrid:None EditorOnly:false RuntimeOnly:false HLODRelevant:false ListedInSceneOutliner:true IsMainWorldOnly:false FolderPath:Lighting FolderGuid:0BA5F0A04EADB18E70D5B180D08FA34B
 |   |   |- Guid:3FA5E8E64180030E1AF8B590942E2292 NativeClass:/Script/Engine.StaticMeshActor Name:StaticMeshActor_UAID_0250ADA3612511CE02_1813260034 Label:SM_Cube5 SpatiallyLoaded:true EditorBounds:IsValid=true, Min=(X=-70.000 Y=23.373 Z=-28.740), Max=(X=30.000 Y=2005.764 Z=73.142) RuntimeBounds:IsValid=true, Min=(X=-70.000 Y=23.373 Z=-28.740), Max=(X=30.000 Y=2005.764 Z=73.142) RuntimeGrid:None EditorOnly:false RuntimeOnly:false HLODRelevant:true ListedInSceneOutliner:true IsMainWorldOnly:false FolderPath:Playground FolderGuid:6C02BB504B69D1F3D7A624B130C18E5B
 |   |   |- Guid:405034E24065BE41F36D5FB636CF944B BaseClass:/Game/Assets/Blueprints/Pickup.Pickup_C NativeClass:/Script/Engine.Actor Name:Pickup_C_UAID_0250ADA3612511CE02_1873048036 Label:Pickup3 SpatiallyLoaded:true EditorBounds:IsValid=true, Min=(X=1399.584 Y=600.100 Z=-0.542), Max=(X=1499.584 Y=700.100 Z=131.958) RuntimeBounds:IsValid=true, Min=(X=1399.584 Y=600.100 Z=-0.542), Max=(X=1499.584 Y=700.100 Z=131.958) RuntimeGrid:None EditorOnly:false RuntimeOnly:false HLODRelevant:false ListedInSceneOutliner:true IsMainWorldOnly:false
 |   |   |- Guid:409E1E78719B3078908D2C58AD0DB073 NativeClass:/Script/NavigationSystem.NavMeshBoundsVolume Name:NavMeshBoundsVolume_UAID_0250ADA36125F0CD02_1963569219 Label:NavMeshBoundsVolume SpatiallyLoaded:false EditorBounds:IsValid=true, Min=(X=-8521.234 Y=-8739.704 Z=-9790.380), Max=(X=11478.766 Y=11260.296 Z=10209.620) RuntimeBounds:IsValid=true, Min=(X=-8521.234 Y=-8739.704 Z=-9790.380), Max=(X=11478.766 Y=11260.296 Z=10209.620) RuntimeGrid:None EditorOnly:false RuntimeOnly:false HLODRelevant:false ListedInSceneOutliner:true IsMainWorldOnly:false
 |   |   |- Guid:6A2A9119476AE3977F32FFAF04DC4F4D BaseClass:/Game/Assets/Blueprints/EnemyNoAiNoDeath.EnemyNoAiNoDeath_C NativeClass:/Script/Engine.Character Name:EnemyNoAiNoDeath_C_UAID_0250ADA3612515CE02_1187988748 Label:EnemyNoAiNoDeath SpatiallyLoaded:true EditorBounds:IsValid=true, Min=(X=1100.000 Y=1301.536 Z=-20.000), Max=(X=1395.000 Y=1518.464 Z=284.464) RuntimeBounds:IsValid=true, Min=(X=1285.000 Y=1301.536 Z=-20.000), Max=(X=1395.000 Y=1518.464 Z=284.464) RuntimeGrid:None EditorOnly:false RuntimeOnly:false HLODRelevant:false ListedInSceneOutliner:true IsMainWorldOnly:false
 |   |   |- Guid:6D5D23920CE83E34BA77DBF180AD5E87 NativeClass:/Script/Engine.StaticMeshActor Name:StaticMeshActor_UAID_A4AE111137DC5EFB00_2001720423 Label:SM_SkySphere SpatiallyLoaded:false EditorBounds:IsValid=true, Min=(X=-1638400.000 Y=-1638400.000 Z=-1638400.000), Max=(X=1638400.000 Y=1638400.000 Z=1638400.000) RuntimeBounds:IsValid=true, Min=(X=-1638400.000 Y=-1638400.000 Z=-1638400.000), Max=(X=1638400.000 Y=1638400.000 Z=1638400.000) RuntimeGrid:None EditorOnly:false RuntimeOnly:false HLODRelevant:false ListedInSceneOutliner:true IsMainWorldOnly:false FolderPath:Lighting FolderGuid:0BA5F0A04EADB18E70D5B180D08FA34B
 |   |   |- Guid:77171D0B6CFD3366ACC6AE170B0C9F94 NativeClass:/Script/Engine.WorldDataLayers Name:WorldDataLayers Label:WorldDataLayers SpatiallyLoaded:false EditorBounds:IsValid=false, Min=(X=0.000 Y=0.000 Z=0.000), Max=(X=0.000 Y=0.000 Z=0.000) RuntimeBounds:IsValid=false, Min=(X=0.000 Y=0.000 Z=0.000), Max=(X=0.000 Y=0.000 Z=0.000) RuntimeGrid:None EditorOnly:false RuntimeOnly:false HLODRelevant:false ListedInSceneOutliner:true IsMainWorldOnly:true
 |   |   |- Guid:790ED8004ED2396D69E8CBA8954714E3 NativeClass:/Script/Engine.TextRenderActor Name:TextRenderActor_UAID_0250ADA3612514CE02_2109962568 Label:TextRenderActor3 SpatiallyLoaded:true EditorBounds:IsValid=true, Min=(X=1601.900 Y=-54.102 Z=72.013), Max=(X=1857.900 Y=894.102 Z=328.013) RuntimeBounds:IsValid=true, Min=(X=1729.900 Y=-54.102 Z=174.856), Max=(X=1729.900 Y=894.102 Z=225.169) RuntimeGrid:None EditorOnly:false RuntimeOnly:false HLODRelevant:false ListedInSceneOutliner:true IsMainWorldOnly:false
 |   |   |- Guid:7FB30916430AAD6C2ED722AA55D596C5 NativeClass:/Script/Engine.StaticMeshActor Name:StaticMeshActor_UAID_0250ADA3612514CE02_2086348566 Label:SM_Cube6 SpatiallyLoaded:true EditorBounds:IsValid=true, Min=(X=891.654 Y=883.373 Z=-28.740), Max=(X=1653.373 Y=983.373 Z=73.142) RuntimeBounds:IsValid=true, Min=(X=891.654 Y=883.373 Z=-28.740), Max=(X=1653.373 Y=983.373 Z=73.142) RuntimeGrid:None EditorOnly:false RuntimeOnly:false HLODRelevant:true ListedInSceneOutliner:true IsMainWorldOnly:false FolderPath:Playground FolderGuid:6C02BB504B69D1F3D7A624B130C18E5B
 |   |   |- Guid:8A54154F4816B8D50E74409FF5286987 BaseClass:/Game/Assets/Blueprints/Pickup.Pickup_C NativeClass:/Script/Engine.Actor Name:Pickup_C_UAID_0250ADA3612511CE02_1871412035 Label:Pickup2 SpatiallyLoaded:true EditorBounds:IsValid=true, Min=(X=1399.584 Y=399.475 Z=-0.542), Max=(X=1499.584 Y=500.725 Z=131.958) RuntimeBounds:IsValid=true, Min=(X=1399.584 Y=399.475 Z=-0.542), Max=(X=1499.584 Y=500.725 Z=131.958) RuntimeGrid:None EditorOnly:false RuntimeOnly:false HLODRelevant:false ListedInSceneOutliner:true IsMainWorldOnly:false
 |   |   |- Guid:8D716CA8AA8E30A9ACF1201C00390601 NativeClass:/Script/Engine.PlayerStart Name:PlayerStart_0 Label:PlayerStart SpatiallyLoaded:false EditorBounds:IsValid=true, Min=(X=772.000 Y=722.000 Z=-35.987), Max=(X=1140.000 Y=978.000 Z=220.013) RuntimeBounds:IsValid=true, Min=(X=860.000 Y=810.000 Z=0.013), Max=(X=940.000 Y=890.000 Z=184.013) RuntimeGrid:None EditorOnly:false RuntimeOnly:false HLODRelevant:false ListedInSceneOutliner:true IsMainWorldOnly:false
 |   |   |- Guid:948DB51446E943589B153D988E5AA209 NativeClass:/Script/Engine.StaticMeshActor Name:StaticMeshActor_UAID_0250ADA3612511CE02_1787776030 Label:SM_Cube3 SpatiallyLoaded:true EditorBounds:IsValid=true, Min=(X=0.000 Y=1883.373 Z=-28.740), Max=(X=1607.877 Y=1983.373 Z=73.142) RuntimeBounds:IsValid=true, Min=(X=0.000 Y=1883.373 Z=-28.740), Max=(X=1607.877 Y=1983.373 Z=73.142) RuntimeGrid:None EditorOnly:false RuntimeOnly:false HLODRelevant:true ListedInSceneOutliner:true IsMainWorldOnly:false FolderPath:Playground FolderGuid:6C02BB504B69D1F3D7A624B130C18E5B
 |   |   |- Guid:AAACA86B437E190D4094369403D0A6CE NativeClass:/Script/Engine.StaticMeshActor Name:StaticMeshActor_UAID_0250ADA3612514CE02_2142310569 Label:SM_SkySphere2 SpatiallyLoaded:false EditorBounds:IsValid=true, Min=(X=-1638400.000 Y=-1637340.000 Z=-1638400.000), Max=(X=1638400.000 Y=1639460.000 Z=1638400.000) RuntimeBounds:IsValid=true, Min=(X=-1638400.000 Y=-1637340.000 Z=-1638400.000), Max=(X=1638400.000 Y=1639460.000 Z=1638400.000) RuntimeGrid:None EditorOnly:false RuntimeOnly:false HLODRelevant:false ListedInSceneOutliner:true IsMainWorldOnly:false FolderPath:Lighting FolderGuid:0BA5F0A04EADB18E70D5B180D08FA34B
 |   |   |- Guid:AF58CED94DBEF82D8EF79C9D49DF63A1 NativeClass:/Script/Engine.StaticMeshActor Name:StaticMeshActor_UAID_0250ADA3612511CE02_1813256033 Label:SM_Cube4 SpatiallyLoaded:true EditorBounds:IsValid=true, Min=(X=1553.373 Y=23.373 Z=-28.740), Max=(X=1653.373 Y=2005.764 Z=73.142) RuntimeBounds:IsValid=true, Min=(X=1553.373 Y=23.373 Z=-28.740), Max=(X=1653.373 Y=2005.764 Z=73.142) RuntimeGrid:None EditorOnly:false RuntimeOnly:false HLODRelevant:true ListedInSceneOutliner:true IsMainWorldOnly:false FolderPath:Playground FolderGuid:6C02BB504B69D1F3D7A624B130C18E5B
 |   |   |- Guid:B98528A7F02A3B719128BA934EA9E2B7 NativeClass:/Script/Engine.ExponentialHeightFog Name:ExponentialHeightFog_0 Label:ExponentialHeightFog SpatiallyLoaded:false EditorBounds:IsValid=true, Min=(X=-5728.000 Y=-178.000 Z=-6978.000), Max=(X=-5472.000 Y=78.000 Z=-6722.000) RuntimeBounds:IsValid=true, Min=(X=-5600.000 Y=-50.000 Z=-6850.000), Max=(X=-5600.000 Y=-50.000 Z=-6850.000) RuntimeGrid:None EditorOnly:false RuntimeOnly:false HLODRelevant:false ListedInSceneOutliner:true IsMainWorldOnly:false FolderPath:Lighting FolderGuid:0BA5F0A04EADB18E70D5B180D08FA34B
 |   |   |- Guid:BB1A94D246473E39D338E786BA20DAB7 NativeClass:/Script/Engine.TextRenderActor Name:TextRenderActor_UAID_0250ADA3612514CE02_2101704567 Label:TextRenderActor2 SpatiallyLoaded:true EditorBounds:IsValid=true, Min=(X=1591.900 Y=112.000 Z=152.013), Max=(X=1847.900 Y=614.785 Z=408.013) RuntimeBounds:IsValid=true, Min=(X=1719.900 Y=240.000 Z=228.181), Max=(X=1719.900 Y=614.785 Z=331.845) RuntimeGrid:None EditorOnly:false RuntimeOnly:false HLODRelevant:false ListedInSceneOutliner:true IsMainWorldOnly:false
 |   |   |- Guid:C6EAC172623F32D19E629C090484F724 BaseClass:/Game/Assets/Blueprints/Pickup.Pickup_C NativeClass:/Script/Engine.Actor Name:Pickup_C_UAID_0250ADA36125EECD02_1265573866 Label:Pickup SpatiallyLoaded:true EditorBounds:IsValid=true, Min=(X=1399.584 Y=190.100 Z=-0.542), Max=(X=1499.584 Y=290.100 Z=131.958) RuntimeBounds:IsValid=true, Min=(X=1399.584 Y=190.100 Z=-0.542), Max=(X=1499.584 Y=290.100 Z=131.958) RuntimeGrid:None EditorOnly:false RuntimeOnly:false HLODRelevant:false ListedInSceneOutliner:true IsMainWorldOnly:false
 |   |   |- Guid:CA9BEBB955B63E949BE92C465FA0578D NativeClass:/Script/Engine.StaticMeshActor Name:StaticMeshActor_0 Label:SM_Cube SpatiallyLoaded:true EditorBounds:IsValid=true, Min=(X=0.000 Y=0.000 Z=-50.000), Max=(X=1641.774 Y=1915.404 Z=-22.637) RuntimeBounds:IsValid=true, Min=(X=0.000 Y=0.000 Z=-50.000), Max=(X=1641.774 Y=1915.404 Z=-22.637) RuntimeGrid:None EditorOnly:false RuntimeOnly:false HLODRelevant:true ListedInSceneOutliner:true IsMainWorldOnly:false FolderPath:Playground FolderGuid:6C02BB504B69D1F3D7A624B130C18E5B
 |   |   |- Guid:CCD94C8547B53C5745C2778B177A28C7 BaseClass:/Game/Assets/Blueprints/EnemyNoAiNoDeath.EnemyNoAiNoDeath_C NativeClass:/Script/Engine.Character Name:EnemyNoAiNoDeath_C_UAID_0250ADA3612515CE02_1419601750 Label:EnemyNoAiNoDeath3 SpatiallyLoaded:true EditorBounds:IsValid=true, Min=(X=1100.000 Y=1191.536 Z=-20.000), Max=(X=1395.000 Y=1408.464 Z=284.464) RuntimeBounds:IsValid=true, Min=(X=1285.000 Y=1191.536 Z=-20.000), Max=(X=1395.000 Y=1408.464 Z=284.464) RuntimeGrid:None EditorOnly:false RuntimeOnly:false HLODRelevant:false ListedInSceneOutliner:true IsMainWorldOnly:false
 |   |   |- Guid:DD23ACC75FF53FABB5062D04BC904742 NativeClass:/Script/Engine.PostProcessVolume Name:PostProcessVolume_0 Label:PostProcessVolume SpatiallyLoaded:false EditorBounds:IsValid=true, Min=(X=0.000 Y=0.000 Z=400.000), Max=(X=200.000 Y=200.000 Z=600.000) RuntimeBounds:IsValid=true, Min=(X=0.000 Y=0.000 Z=400.000), Max=(X=200.000 Y=200.000 Z=600.000) RuntimeGrid:None EditorOnly:false RuntimeOnly:false HLODRelevant:false ListedInSceneOutliner:true IsMainWorldOnly:false FolderPath:Lighting FolderGuid:0BA5F0A04EADB18E70D5B180D08FA34B
 |   |   |- Guid:E1326A3C4448D23E6CE92DA753179C1C BaseClass:/Game/Assets/Blueprints/EnemyNoAiNoDeath.EnemyNoAiNoDeath_C NativeClass:/Script/Engine.Character Name:EnemyNoAiNoDeath_C_UAID_0250ADA3612515CE02_1417678749 Label:EnemyNoAiNoDeath2 SpatiallyLoaded:true EditorBounds:IsValid=true, Min=(X=1100.000 Y=1421.536 Z=-20.000), Max=(X=1395.000 Y=1638.464 Z=284.464) RuntimeBounds:IsValid=true, Min=(X=1285.000 Y=1421.536 Z=-20.000), Max=(X=1395.000 Y=1638.464 Z=284.464) RuntimeGrid:None EditorOnly:false RuntimeOnly:false HLODRelevant:false ListedInSceneOutliner:true IsMainWorldOnly:false
 |   |   |- Guid:E461ED3DE6E73CBFAFDA6F946B0DAE4E NativeClass:/Script/Engine.VolumetricCloud Name:VolumetricCloud_0 Label:VolumetricCloud SpatiallyLoaded:false EditorBounds:IsValid=true, Min=(X=-128.000 Y=-128.000 Z=692.000), Max=(X=128.000 Y=128.000 Z=948.000) RuntimeBounds:IsValid=true, Min=(X=0.000 Y=0.000 Z=820.000), Max=(X=0.000 Y=0.000 Z=820.000) RuntimeGrid:None EditorOnly:false RuntimeOnly:false HLODRelevant:false ListedInSceneOutliner:true IsMainWorldOnly:false FolderPath:Lighting FolderGuid:0BA5F0A04EADB18E70D5B180D08FA34B
 |   |   |- Guid:F6307782F17E3411A9306D92C8848AD2 NativeClass:/Script/Engine.TextRenderActor Name:TextRenderActor_1 Label:TextRenderActor SpatiallyLoaded:true EditorBounds:IsValid=true, Min=(X=1581.900 Y=632.000 Z=332.013), Max=(X=1837.900 Y=1198.462 Z=588.013) RuntimeBounds:IsValid=true, Min=(X=1709.900 Y=760.000 Z=385.013), Max=(X=1709.900 Y=1198.462 Z=535.013) RuntimeGrid:None EditorOnly:false RuntimeOnly:false HLODRelevant:false ListedInSceneOutliner:true IsMainWorldOnly:false
 |   |   |- Guid:FBF8D53AFEF1384DAD822BDCFE4FA435 NativeClass:/Script/NavigationSystem.RecastNavMesh Name:RecastNavMesh_UAID_0250ADA36125F0CD02-Default Label:RecastNavMesh-Default SpatiallyLoaded:false EditorBounds:IsValid=true, Min=(X=0.000 Y=0.000 Z=0.000), Max=(X=0.000 Y=0.000 Z=0.000) RuntimeBounds:IsValid=true, Min=(X=0.000 Y=0.000 Z=0.000), Max=(X=0.000 Y=0.000 Z=0.000) RuntimeGrid:None EditorOnly:false RuntimeOnly:false HLODRelevant:false ListedInSceneOutliner:true IsMainWorldOnly:false
 |   |- [+] Clusters:
 |   |   |- [+] [  0]
 |   |   |   |- Guid:05FD564B4C51D25D08A37ABC3EFBDA0A NativeClass:/Script/Engine.TextRenderActor Name:TextRenderActor_UAID_0250ADA3612514CE02_2142315571 Label:TextRenderActor5 SpatiallyLoaded:true EditorBounds:IsValid=true, Min=(X=1601.900 Y=1145.215 Z=72.013), Max=(X=1857.900 Y=1694.785 Z=328.013) RuntimeBounds:IsValid=true, Min=(X=1729.900 Y=1145.215 Z=174.856), Max=(X=1729.900 Y=1694.785 Z=225.169) RuntimeGrid:None EditorOnly:false RuntimeOnly:false HLODRelevant:false ListedInSceneOutliner:true IsMainWorldOnly:false
 |   |   |- [+] [  1]
 |   |   |   |- Guid:08F04BFDEB0E3440AE7F6A00098D81E4 NativeClass:/Script/Engine.SkyAtmosphere Name:SkyAtmosphere_0 Label:SkyAtmosphere SpatiallyLoaded:false EditorBounds:IsValid=true, Min=(X=-128.000 Y=-128.000 Z=892.000), Max=(X=240.000 Y=128.000 Z=1148.000) RuntimeBounds:IsValid=true, Min=(X=0.000 Y=0.000 Z=1020.000), Max=(X=0.000 Y=0.000 Z=1020.000) RuntimeGrid:None EditorOnly:false RuntimeOnly:false HLODRelevant:false ListedInSceneOutliner:true IsMainWorldOnly:false FolderPath:Lighting FolderGuid:0BA5F0A04EADB18E70D5B180D08FA34B
 |   |   |- [+] [  2]
 |   |   |   |- Guid:0D09D9C720113DEC9657BC6B64D1C255 NativeClass:/Script/Engine.SkyLight Name:SkyLight_0 Label:SkyLight SpatiallyLoaded:false EditorBounds:IsValid=true, Min=(X=-1.000 Y=-1.000 Z=-1.000), Max=(X=1.000 Y=1.000 Z=690.000) RuntimeBounds:IsValid=true, Min=(X=0.000 Y=0.000 Z=690.000), Max=(X=0.000 Y=0.000 Z=690.000) RuntimeGrid:None EditorOnly:false RuntimeOnly:false HLODRelevant:false ListedInSceneOutliner:true IsMainWorldOnly:false FolderPath:Lighting FolderGuid:0BA5F0A04EADB18E70D5B180D08FA34B
 |   |   |- [+] [  3]
 |   |   |   |- Guid:257FAF9E436454FA7A4B06AEE9F990AC NativeClass:/Script/Engine.TextRenderActor Name:TextRenderActor_UAID_0250ADA3612514CE02_2142313570 Label:TextRenderActor4 SpatiallyLoaded:true EditorBounds:IsValid=true, Min=(X=1591.900 Y=1172.000 Z=152.013), Max=(X=1847.900 Y=1563.147 Z=408.013) RuntimeBounds:IsValid=true, Min=(X=1719.900 Y=1300.000 Z=228.181), Max=(X=1719.900 Y=1563.147 Z=331.845) RuntimeGrid:None EditorOnly:false RuntimeOnly:false HLODRelevant:false ListedInSceneOutliner:true IsMainWorldOnly:false
 |   |   |- [+] [  4]
 |   |   |   |- Guid:2BD253031FD93CC28C6F43B1A9028341 NativeClass:/Script/Engine.StaticMeshActor Name:StaticMeshActor_3 Label:SM_Cube2 SpatiallyLoaded:true EditorBounds:IsValid=true, Min=(X=0.000 Y=0.000 Z=-28.740), Max=(X=1607.877 Y=100.000 Z=73.142) RuntimeBounds:IsValid=true, Min=(X=0.000 Y=0.000 Z=-28.740), Max=(X=1607.877 Y=100.000 Z=73.142) RuntimeGrid:None EditorOnly:false RuntimeOnly:false HLODRelevant:true ListedInSceneOutliner:true IsMainWorldOnly:false FolderPath:Playground FolderGuid:6C02BB504B69D1F3D7A624B130C18E5B
 |   |   |- [+] [  5]
 |   |   |   |- Guid:3E613B583B2738178725B1AFB69CE915 NativeClass:/Script/Engine.DirectionalLight Name:DirectionalLight_1 Label:DirectionalLight SpatiallyLoaded:false EditorBounds:IsValid=false, Min=(X=0.000 Y=0.000 Z=0.000), Max=(X=0.000 Y=0.000 Z=0.000) RuntimeBounds:IsValid=false, Min=(X=0.000 Y=0.000 Z=0.000), Max=(X=0.000 Y=0.000 Z=0.000) RuntimeGrid:None EditorOnly:false RuntimeOnly:false HLODRelevant:false ListedInSceneOutliner:true IsMainWorldOnly:false FolderPath:Lighting FolderGuid:0BA5F0A04EADB18E70D5B180D08FA34B
 |   |   |- [+] [  6]
 |   |   |   |- Guid:3FA5E8E64180030E1AF8B590942E2292 NativeClass:/Script/Engine.StaticMeshActor Name:StaticMeshActor_UAID_0250ADA3612511CE02_1813260034 Label:SM_Cube5 SpatiallyLoaded:true EditorBounds:IsValid=true, Min=(X=-70.000 Y=23.373 Z=-28.740), Max=(X=30.000 Y=2005.764 Z=73.142) RuntimeBounds:IsValid=true, Min=(X=-70.000 Y=23.373 Z=-28.740), Max=(X=30.000 Y=2005.764 Z=73.142) RuntimeGrid:None EditorOnly:false RuntimeOnly:false HLODRelevant:true ListedInSceneOutliner:true IsMainWorldOnly:false FolderPath:Playground FolderGuid:6C02BB504B69D1F3D7A624B130C18E5B
 |   |   |- [+] [  7]
 |   |   |   |- Guid:405034E24065BE41F36D5FB636CF944B BaseClass:/Game/Assets/Blueprints/Pickup.Pickup_C NativeClass:/Script/Engine.Actor Name:Pickup_C_UAID_0250ADA3612511CE02_1873048036 Label:Pickup3 SpatiallyLoaded:true EditorBounds:IsValid=true, Min=(X=1399.584 Y=600.100 Z=-0.542), Max=(X=1499.584 Y=700.100 Z=131.958) RuntimeBounds:IsValid=true, Min=(X=1399.584 Y=600.100 Z=-0.542), Max=(X=1499.584 Y=700.100 Z=131.958) RuntimeGrid:None EditorOnly:false RuntimeOnly:false HLODRelevant:false ListedInSceneOutliner:true IsMainWorldOnly:false
 |   |   |- [+] [  8]
 |   |   |   |- Guid:409E1E78719B3078908D2C58AD0DB073 NativeClass:/Script/NavigationSystem.NavMeshBoundsVolume Name:NavMeshBoundsVolume_UAID_0250ADA36125F0CD02_1963569219 Label:NavMeshBoundsVolume SpatiallyLoaded:false EditorBounds:IsValid=true, Min=(X=-8521.234 Y=-8739.704 Z=-9790.380), Max=(X=11478.766 Y=11260.296 Z=10209.620) RuntimeBounds:IsValid=true, Min=(X=-8521.234 Y=-8739.704 Z=-9790.380), Max=(X=11478.766 Y=11260.296 Z=10209.620) RuntimeGrid:None EditorOnly:false RuntimeOnly:false HLODRelevant:false ListedInSceneOutliner:true IsMainWorldOnly:false
 |   |   |- [+] [  9]
 |   |   |   |- Guid:6A2A9119476AE3977F32FFAF04DC4F4D BaseClass:/Game/Assets/Blueprints/EnemyNoAiNoDeath.EnemyNoAiNoDeath_C NativeClass:/Script/Engine.Character Name:EnemyNoAiNoDeath_C_UAID_0250ADA3612515CE02_1187988748 Label:EnemyNoAiNoDeath SpatiallyLoaded:true EditorBounds:IsValid=true, Min=(X=1100.000 Y=1301.536 Z=-20.000), Max=(X=1395.000 Y=1518.464 Z=284.464) RuntimeBounds:IsValid=true, Min=(X=1285.000 Y=1301.536 Z=-20.000), Max=(X=1395.000 Y=1518.464 Z=284.464) RuntimeGrid:None EditorOnly:false RuntimeOnly:false HLODRelevant:false ListedInSceneOutliner:true IsMainWorldOnly:false
 |   |   |- [+] [ 10]
 |   |   |   |- Guid:6D5D23920CE83E34BA77DBF180AD5E87 NativeClass:/Script/Engine.StaticMeshActor Name:StaticMeshActor_UAID_A4AE111137DC5EFB00_2001720423 Label:SM_SkySphere SpatiallyLoaded:false EditorBounds:IsValid=true, Min=(X=-1638400.000 Y=-1638400.000 Z=-1638400.000), Max=(X=1638400.000 Y=1638400.000 Z=1638400.000) RuntimeBounds:IsValid=true, Min=(X=-1638400.000 Y=-1638400.000 Z=-1638400.000), Max=(X=1638400.000 Y=1638400.000 Z=1638400.000) RuntimeGrid:None EditorOnly:false RuntimeOnly:false HLODRelevant:false ListedInSceneOutliner:true IsMainWorldOnly:false FolderPath:Lighting FolderGuid:0BA5F0A04EADB18E70D5B180D08FA34B
 |   |   |- [+] [ 11]
 |   |   |   |- Guid:77171D0B6CFD3366ACC6AE170B0C9F94 NativeClass:/Script/Engine.WorldDataLayers Name:WorldDataLayers Label:WorldDataLayers SpatiallyLoaded:false EditorBounds:IsValid=false, Min=(X=0.000 Y=0.000 Z=0.000), Max=(X=0.000 Y=0.000 Z=0.000) RuntimeBounds:IsValid=false, Min=(X=0.000 Y=0.000 Z=0.000), Max=(X=0.000 Y=0.000 Z=0.000) RuntimeGrid:None EditorOnly:false RuntimeOnly:false HLODRelevant:false ListedInSceneOutliner:true IsMainWorldOnly:true
 |   |   |- [+] [ 12]
 |   |   |   |- Guid:790ED8004ED2396D69E8CBA8954714E3 NativeClass:/Script/Engine.TextRenderActor Name:TextRenderActor_UAID_0250ADA3612514CE02_2109962568 Label:TextRenderActor3 SpatiallyLoaded:true EditorBounds:IsValid=true, Min=(X=1601.900 Y=-54.102 Z=72.013), Max=(X=1857.900 Y=894.102 Z=328.013) RuntimeBounds:IsValid=true, Min=(X=1729.900 Y=-54.102 Z=174.856), Max=(X=1729.900 Y=894.102 Z=225.169) RuntimeGrid:None EditorOnly:false RuntimeOnly:false HLODRelevant:false ListedInSceneOutliner:true IsMainWorldOnly:false
 |   |   |- [+] [ 13]
 |   |   |   |- Guid:7FB30916430AAD6C2ED722AA55D596C5 NativeClass:/Script/Engine.StaticMeshActor Name:StaticMeshActor_UAID_0250ADA3612514CE02_2086348566 Label:SM_Cube6 SpatiallyLoaded:true EditorBounds:IsValid=true, Min=(X=891.654 Y=883.373 Z=-28.740), Max=(X=1653.373 Y=983.373 Z=73.142) RuntimeBounds:IsValid=true, Min=(X=891.654 Y=883.373 Z=-28.740), Max=(X=1653.373 Y=983.373 Z=73.142) RuntimeGrid:None EditorOnly:false RuntimeOnly:false HLODRelevant:true ListedInSceneOutliner:true IsMainWorldOnly:false FolderPath:Playground FolderGuid:6C02BB504B69D1F3D7A624B130C18E5B
 |   |   |- [+] [ 14]
 |   |   |   |- Guid:8A54154F4816B8D50E74409FF5286987 BaseClass:/Game/Assets/Blueprints/Pickup.Pickup_C NativeClass:/Script/Engine.Actor Name:Pickup_C_UAID_0250ADA3612511CE02_1871412035 Label:Pickup2 SpatiallyLoaded:true EditorBounds:IsValid=true, Min=(X=1399.584 Y=399.475 Z=-0.542), Max=(X=1499.584 Y=500.725 Z=131.958) RuntimeBounds:IsValid=true, Min=(X=1399.584 Y=399.475 Z=-0.542), Max=(X=1499.584 Y=500.725 Z=131.958) RuntimeGrid:None EditorOnly:false RuntimeOnly:false HLODRelevant:false ListedInSceneOutliner:true IsMainWorldOnly:false
 |   |   |- [+] [ 15]
 |   |   |   |- Guid:8D716CA8AA8E30A9ACF1201C00390601 NativeClass:/Script/Engine.PlayerStart Name:PlayerStart_0 Label:PlayerStart SpatiallyLoaded:false EditorBounds:IsValid=true, Min=(X=772.000 Y=722.000 Z=-35.987), Max=(X=1140.000 Y=978.000 Z=220.013) RuntimeBounds:IsValid=true, Min=(X=860.000 Y=810.000 Z=0.013), Max=(X=940.000 Y=890.000 Z=184.013) RuntimeGrid:None EditorOnly:false RuntimeOnly:false HLODRelevant:false ListedInSceneOutliner:true IsMainWorldOnly:false
 |   |   |- [+] [ 16]
 |   |   |   |- Guid:948DB51446E943589B153D988E5AA209 NativeClass:/Script/Engine.StaticMeshActor Name:StaticMeshActor_UAID_0250ADA3612511CE02_1787776030 Label:SM_Cube3 SpatiallyLoaded:true EditorBounds:IsValid=true, Min=(X=0.000 Y=1883.373 Z=-28.740), Max=(X=1607.877 Y=1983.373 Z=73.142) RuntimeBounds:IsValid=true, Min=(X=0.000 Y=1883.373 Z=-28.740), Max=(X=1607.877 Y=1983.373 Z=73.142) RuntimeGrid:None EditorOnly:false RuntimeOnly:false HLODRelevant:true ListedInSceneOutliner:true IsMainWorldOnly:false FolderPath:Playground FolderGuid:6C02BB504B69D1F3D7A624B130C18E5B
 |   |   |- [+] [ 17]
 |   |   |   |- Guid:AAACA86B437E190D4094369403D0A6CE NativeClass:/Script/Engine.StaticMeshActor Name:StaticMeshActor_UAID_0250ADA3612514CE02_2142310569 Label:SM_SkySphere2 SpatiallyLoaded:false EditorBounds:IsValid=true, Min=(X=-1638400.000 Y=-1637340.000 Z=-1638400.000), Max=(X=1638400.000 Y=1639460.000 Z=1638400.000) RuntimeBounds:IsValid=true, Min=(X=-1638400.000 Y=-1637340.000 Z=-1638400.000), Max=(X=1638400.000 Y=1639460.000 Z=1638400.000) RuntimeGrid:None EditorOnly:false RuntimeOnly:false HLODRelevant:false ListedInSceneOutliner:true IsMainWorldOnly:false FolderPath:Lighting FolderGuid:0BA5F0A04EADB18E70D5B180D08FA34B
 |   |   |- [+] [ 18]
 |   |   |   |- Guid:AF58CED94DBEF82D8EF79C9D49DF63A1 NativeClass:/Script/Engine.StaticMeshActor Name:StaticMeshActor_UAID_0250ADA3612511CE02_1813256033 Label:SM_Cube4 SpatiallyLoaded:true EditorBounds:IsValid=true, Min=(X=1553.373 Y=23.373 Z=-28.740), Max=(X=1653.373 Y=2005.764 Z=73.142) RuntimeBounds:IsValid=true, Min=(X=1553.373 Y=23.373 Z=-28.740), Max=(X=1653.373 Y=2005.764 Z=73.142) RuntimeGrid:None EditorOnly:false RuntimeOnly:false HLODRelevant:true ListedInSceneOutliner:true IsMainWorldOnly:false FolderPath:Playground FolderGuid:6C02BB504B69D1F3D7A624B130C18E5B
 |   |   |- [+] [ 19]
 |   |   |   |- Guid:B98528A7F02A3B719128BA934EA9E2B7 NativeClass:/Script/Engine.ExponentialHeightFog Name:ExponentialHeightFog_0 Label:ExponentialHeightFog SpatiallyLoaded:false EditorBounds:IsValid=true, Min=(X=-5728.000 Y=-178.000 Z=-6978.000), Max=(X=-5472.000 Y=78.000 Z=-6722.000) RuntimeBounds:IsValid=true, Min=(X=-5600.000 Y=-50.000 Z=-6850.000), Max=(X=-5600.000 Y=-50.000 Z=-6850.000) RuntimeGrid:None EditorOnly:false RuntimeOnly:false HLODRelevant:false ListedInSceneOutliner:true IsMainWorldOnly:false FolderPath:Lighting FolderGuid:0BA5F0A04EADB18E70D5B180D08FA34B
 |   |   |- [+] [ 20]
 |   |   |   |- Guid:BB1A94D246473E39D338E786BA20DAB7 NativeClass:/Script/Engine.TextRenderActor Name:TextRenderActor_UAID_0250ADA3612514CE02_2101704567 Label:TextRenderActor2 SpatiallyLoaded:true EditorBounds:IsValid=true, Min=(X=1591.900 Y=112.000 Z=152.013), Max=(X=1847.900 Y=614.785 Z=408.013) RuntimeBounds:IsValid=true, Min=(X=1719.900 Y=240.000 Z=228.181), Max=(X=1719.900 Y=614.785 Z=331.845) RuntimeGrid:None EditorOnly:false RuntimeOnly:false HLODRelevant:false ListedInSceneOutliner:true IsMainWorldOnly:false
 |   |   |- [+] [ 21]
 |   |   |   |- Guid:C6EAC172623F32D19E629C090484F724 BaseClass:/Game/Assets/Blueprints/Pickup.Pickup_C NativeClass:/Script/Engine.Actor Name:Pickup_C_UAID_0250ADA36125EECD02_1265573866 Label:Pickup SpatiallyLoaded:true EditorBounds:IsValid=true, Min=(X=1399.584 Y=190.100 Z=-0.542), Max=(X=1499.584 Y=290.100 Z=131.958) RuntimeBounds:IsValid=true, Min=(X=1399.584 Y=190.100 Z=-0.542), Max=(X=1499.584 Y=290.100 Z=131.958) RuntimeGrid:None EditorOnly:false RuntimeOnly:false HLODRelevant:false ListedInSceneOutliner:true IsMainWorldOnly:false
 |   |   |- [+] [ 22]
 |   |   |   |- Guid:CA9BEBB955B63E949BE92C465FA0578D NativeClass:/Script/Engine.StaticMeshActor Name:StaticMeshActor_0 Label:SM_Cube SpatiallyLoaded:true EditorBounds:IsValid=true, Min=(X=0.000 Y=0.000 Z=-50.000), Max=(X=1641.774 Y=1915.404 Z=-22.637) RuntimeBounds:IsValid=true, Min=(X=0.000 Y=0.000 Z=-50.000), Max=(X=1641.774 Y=1915.404 Z=-22.637) RuntimeGrid:None EditorOnly:false RuntimeOnly:false HLODRelevant:true ListedInSceneOutliner:true IsMainWorldOnly:false FolderPath:Playground FolderGuid:6C02BB504B69D1F3D7A624B130C18E5B
 |   |   |- [+] [ 23]
 |   |   |   |- Guid:CCD94C8547B53C5745C2778B177A28C7 BaseClass:/Game/Assets/Blueprints/EnemyNoAiNoDeath.EnemyNoAiNoDeath_C NativeClass:/Script/Engine.Character Name:EnemyNoAiNoDeath_C_UAID_0250ADA3612515CE02_1419601750 Label:EnemyNoAiNoDeath3 SpatiallyLoaded:true EditorBounds:IsValid=true, Min=(X=1100.000 Y=1191.536 Z=-20.000), Max=(X=1395.000 Y=1408.464 Z=284.464) RuntimeBounds:IsValid=true, Min=(X=1285.000 Y=1191.536 Z=-20.000), Max=(X=1395.000 Y=1408.464 Z=284.464) RuntimeGrid:None EditorOnly:false RuntimeOnly:false HLODRelevant:false ListedInSceneOutliner:true IsMainWorldOnly:false
 |   |   |- [+] [ 24]
 |   |   |   |- Guid:DD23ACC75FF53FABB5062D04BC904742 NativeClass:/Script/Engine.PostProcessVolume Name:PostProcessVolume_0 Label:PostProcessVolume SpatiallyLoaded:false EditorBounds:IsValid=true, Min=(X=0.000 Y=0.000 Z=400.000), Max=(X=200.000 Y=200.000 Z=600.000) RuntimeBounds:IsValid=true, Min=(X=0.000 Y=0.000 Z=400.000), Max=(X=200.000 Y=200.000 Z=600.000) RuntimeGrid:None EditorOnly:false RuntimeOnly:false HLODRelevant:false ListedInSceneOutliner:true IsMainWorldOnly:false FolderPath:Lighting FolderGuid:0BA5F0A04EADB18E70D5B180D08FA34B
 |   |   |- [+] [ 25]
 |   |   |   |- Guid:E1326A3C4448D23E6CE92DA753179C1C BaseClass:/Game/Assets/Blueprints/EnemyNoAiNoDeath.EnemyNoAiNoDeath_C NativeClass:/Script/Engine.Character Name:EnemyNoAiNoDeath_C_UAID_0250ADA3612515CE02_1417678749 Label:EnemyNoAiNoDeath2 SpatiallyLoaded:true EditorBounds:IsValid=true, Min=(X=1100.000 Y=1421.536 Z=-20.000), Max=(X=1395.000 Y=1638.464 Z=284.464) RuntimeBounds:IsValid=true, Min=(X=1285.000 Y=1421.536 Z=-20.000), Max=(X=1395.000 Y=1638.464 Z=284.464) RuntimeGrid:None EditorOnly:false RuntimeOnly:false HLODRelevant:false ListedInSceneOutliner:true IsMainWorldOnly:false
 |   |   |- [+] [ 26]
 |   |   |   |- Guid:E461ED3DE6E73CBFAFDA6F946B0DAE4E NativeClass:/Script/Engine.VolumetricCloud Name:VolumetricCloud_0 Label:VolumetricCloud SpatiallyLoaded:false EditorBounds:IsValid=true, Min=(X=-128.000 Y=-128.000 Z=692.000), Max=(X=128.000 Y=128.000 Z=948.000) RuntimeBounds:IsValid=true, Min=(X=0.000 Y=0.000 Z=820.000), Max=(X=0.000 Y=0.000 Z=820.000) RuntimeGrid:None EditorOnly:false RuntimeOnly:false HLODRelevant:false ListedInSceneOutliner:true IsMainWorldOnly:false FolderPath:Lighting FolderGuid:0BA5F0A04EADB18E70D5B180D08FA34B
 |   |   |- [+] [ 27]
 |   |   |   |- Guid:F6307782F17E3411A9306D92C8848AD2 NativeClass:/Script/Engine.TextRenderActor Name:TextRenderActor_1 Label:TextRenderActor SpatiallyLoaded:true EditorBounds:IsValid=true, Min=(X=1581.900 Y=632.000 Z=332.013), Max=(X=1837.900 Y=1198.462 Z=588.013) RuntimeBounds:IsValid=true, Min=(X=1709.900 Y=760.000 Z=385.013), Max=(X=1709.900 Y=1198.462 Z=535.013) RuntimeGrid:None EditorOnly:false RuntimeOnly:false HLODRelevant:false ListedInSceneOutliner:true IsMainWorldOnly:false
 |   |   |- [+] [ 28]
 |   |   |   |- Guid:FBF8D53AFEF1384DAD822BDCFE4FA435 NativeClass:/Script/NavigationSystem.RecastNavMesh Name:RecastNavMesh_UAID_0250ADA36125F0CD02-Default Label:RecastNavMesh-Default SpatiallyLoaded:false EditorBounds:IsValid=true, Min=(X=0.000 Y=0.000 Z=0.000), Max=(X=0.000 Y=0.000 Z=0.000) RuntimeBounds:IsValid=true, Min=(X=0.000 Y=0.000 Z=0.000), Max=(X=0.000 Y=0.000 Z=0.000) RuntimeGrid:None EditorOnly:false RuntimeOnly:false HLODRelevant:false ListedInSceneOutliner:true IsMainWorldOnly:false
 |- ContainerInstances:
 |- [+] MainContainer:
 |   |-        ID: 00000000000000000000000000000000
 |   |-  ParentID: 00000000000000000000000000000000
 |   |-    Bounds: IsValid=false, Min=(X=0.000 Y=0.000 Z=0.000), Max=(X=0.000 Y=0.000 Z=0.000)
 |   |- Transform: 0.000000,0.000000,0.000000|0.000000,0.000000,-0.000000|1.000000,1.000000,1.000000
 |   |- Container: /Game/Assets/Levels/TutorialLevel
----------------------------------------------------------------------------------------------------------------
TutorialLevel - Persistent Level
----------------------------------------------------------------------------------------------------------------
[+] Content of TutorialLevel Persistent Level
 |- Always loaded Actor Count: 29 
 |- Actor Path: /Game/Assets/Levels/TutorialLevel.TutorialLevel:PersistentLevel.DirectionalLight_1
 |- Actor Package: /Game/__ExternalActors__/Assets/Levels/TutorialLevel/D/CZ/I6SD3EMNVF2B9R2X4C4521
 |- Actor Path: /Game/Assets/Levels/TutorialLevel.TutorialLevel:PersistentLevel.EnemyNoAiNoDeath_C_UAID_0250ADA3612515CE02_1187988748
 |- Actor Package: /Game/__ExternalActors__/Assets/Levels/TutorialLevel/3/1U/3GM9K04PO6JI7PIRD5E1I8
 |- Actor Path: /Game/Assets/Levels/TutorialLevel.TutorialLevel:PersistentLevel.EnemyNoAiNoDeath_C_UAID_0250ADA3612515CE02_1417678749
 |- Actor Package: /Game/__ExternalActors__/Assets/Levels/TutorialLevel/4/R7/EUT47S3UNSM9C3Z77DCTT2
 |- Actor Path: /Game/Assets/Levels/TutorialLevel.TutorialLevel:PersistentLevel.EnemyNoAiNoDeath_C_UAID_0250ADA3612515CE02_1419601750
 |- Actor Package: /Game/__ExternalActors__/Assets/Levels/TutorialLevel/8/BB/Y5L1DUQELXP3UTDJJ3BE86
 |- Actor Path: /Game/Assets/Levels/TutorialLevel.TutorialLevel:PersistentLevel.ExponentialHeightFog_0
 |- Actor Package: /Game/__ExternalActors__/Assets/Levels/TutorialLevel/2/KB/5ZURHQGKNOXVNJNZYGO7BY
 |- Actor Path: /Game/Assets/Levels/TutorialLevel.TutorialLevel:PersistentLevel.NavMeshBoundsVolume_UAID_0250ADA36125F0CD02_1963569219
 |- Actor Package: /Game/__ExternalActors__/Assets/Levels/TutorialLevel/0/NM/I0V91F250FLASGRZU9TBW0
 |- Actor Path: /Game/Assets/Levels/TutorialLevel.TutorialLevel:PersistentLevel.Pickup_C_UAID_0250ADA3612511CE02_1871412035
 |- Actor Package: /Game/__ExternalActors__/Assets/Levels/TutorialLevel/A/OI/RNC69TTSE3EYU5MY9P3EVO
 |- Actor Path: /Game/Assets/Levels/TutorialLevel.TutorialLevel:PersistentLevel.Pickup_C_UAID_0250ADA3612511CE02_1873048036
 |- Actor Package: /Game/__ExternalActors__/Assets/Levels/TutorialLevel/2/73/YGLU8BL7S7F72G1ZBQL69F
 |- Actor Path: /Game/Assets/Levels/TutorialLevel.TutorialLevel:PersistentLevel.Pickup_C_UAID_0250ADA36125EECD02_1265573866
 |- Actor Package: /Game/__ExternalActors__/Assets/Levels/TutorialLevel/2/MP/OLRJYZMXBBHAKSZ414JMM0
 |- Actor Path: /Game/Assets/Levels/TutorialLevel.TutorialLevel:PersistentLevel.PlayerStart_0
 |- Actor Package: /Game/__ExternalActors__/Assets/Levels/TutorialLevel/4/5V/H6TKFELLGA32D6B1JUQIPV
 |- Actor Path: /Game/Assets/Levels/TutorialLevel.TutorialLevel:PersistentLevel.PostProcessVolume_0
 |- Actor Package: /Game/__ExternalActors__/Assets/Levels/TutorialLevel/3/U1/YMY6HTXIXJ4MRPM5PRMBH4
 |- Actor Path: /Game/Assets/Levels/TutorialLevel.TutorialLevel:PersistentLevel.RecastNavMesh_UAID_0250ADA36125F0CD02-Default
 |- Actor Package: /Game/__ExternalActors__/Assets/Levels/TutorialLevel/2/P6/QZFEBA2BBO0FDBNN9XCQZE
 |- Actor Path: /Game/Assets/Levels/TutorialLevel.TutorialLevel:PersistentLevel.SkyAtmosphere_0
 |- Actor Package: /Game/__ExternalActors__/Assets/Levels/TutorialLevel/D/ZU/5Y333J0CD4SYPC4S6CVO8Z
 |- Actor Path: /Game/Assets/Levels/TutorialLevel.TutorialLevel:PersistentLevel.SkyLight_0
 |- Actor Package: /Game/__ExternalActors__/Assets/Levels/TutorialLevel/1/LD/4RGWRW9KP3DUI1L1M2911G
 |- Actor Path: /Game/Assets/Levels/TutorialLevel.TutorialLevel:PersistentLevel.StaticMeshActor_0
 |- Actor Package: /Game/__ExternalActors__/Assets/Levels/TutorialLevel/8/M0/E8ECEUPPVYRDKBP9NYP9BA
 |- Actor Path: /Game/Assets/Levels/TutorialLevel.TutorialLevel:PersistentLevel.StaticMeshActor_3
 |- Actor Package: /Game/__ExternalActors__/Assets/Levels/TutorialLevel/2/O7/LMQ7BQCVODAMMIV0LP0EMR
 |- Actor Path: /Game/Assets/Levels/TutorialLevel.TutorialLevel:PersistentLevel.StaticMeshActor_UAID_0250ADA3612511CE02_1787776030
 |- Actor Package: /Game/__ExternalActors__/Assets/Levels/TutorialLevel/A/7M/SM9RIVRIKG0QJUK56AW8YL
 |- Actor Path: /Game/Assets/Levels/TutorialLevel.TutorialLevel:PersistentLevel.StaticMeshActor_UAID_0250ADA3612511CE02_1813256033
 |- Actor Package: /Game/__ExternalActors__/Assets/Levels/TutorialLevel/A/H6/IAIDQH2GOKW9YQIO978QWN
 |- Actor Path: /Game/Assets/Levels/TutorialLevel.TutorialLevel:PersistentLevel.StaticMeshActor_UAID_0250ADA3612511CE02_1813260034
 |- Actor Package: /Game/__ExternalActors__/Assets/Levels/TutorialLevel/D/1Z/MVMY96SW4AXVXDGC3FJHMP
 |- Actor Path: /Game/Assets/Levels/TutorialLevel.TutorialLevel:PersistentLevel.StaticMeshActor_UAID_0250ADA3612514CE02_2086348566
 |- Actor Package: /Game/__ExternalActors__/Assets/Levels/TutorialLevel/7/VE/N8XRNLZ42QXBGFAEUUS2NV
 |- Actor Path: /Game/Assets/Levels/TutorialLevel.TutorialLevel:PersistentLevel.StaticMeshActor_UAID_0250ADA3612514CE02_2142310569
 |- Actor Package: /Game/__ExternalActors__/Assets/Levels/TutorialLevel/E/88/19JT8IH46JCJY09ULM731J
 |- Actor Path: /Game/Assets/Levels/TutorialLevel.TutorialLevel:PersistentLevel.StaticMeshActor_UAID_A4AE111137DC5EFB00_2001720423
 |- Actor Package: /Game/__ExternalActors__/Assets/Levels/TutorialLevel/6/SF/2ZC673GSG0AONEO8AX1YGN
 |- Actor Path: /Game/Assets/Levels/TutorialLevel.TutorialLevel:PersistentLevel.TextRenderActor_1
 |- Actor Package: /Game/__ExternalActors__/Assets/Levels/TutorialLevel/D/IR/Y27PXBH414U2C5TZLFW5WZ
 |- Actor Path: /Game/Assets/Levels/TutorialLevel.TutorialLevel:PersistentLevel.TextRenderActor_UAID_0250ADA3612514CE02_2101704567
 |- Actor Package: /Game/__ExternalActors__/Assets/Levels/TutorialLevel/E/MK/6DUHRMN40OQK730WUDKQPF
 |- Actor Path: /Game/Assets/Levels/TutorialLevel.TutorialLevel:PersistentLevel.TextRenderActor_UAID_0250ADA3612514CE02_2109962568
 |- Actor Package: /Game/__ExternalActors__/Assets/Levels/TutorialLevel/A/J4/EGOAOLJNHK6N3PUSBR9CEE
 |- Actor Path: /Game/Assets/Levels/TutorialLevel.TutorialLevel:PersistentLevel.TextRenderActor_UAID_0250ADA3612514CE02_2142313570
 |- Actor Package: /Game/__ExternalActors__/Assets/Levels/TutorialLevel/D/JN/9QGNP7WGUIDKFA1PZ9IPEI
 |- Actor Path: /Game/Assets/Levels/TutorialLevel.TutorialLevel:PersistentLevel.TextRenderActor_UAID_0250ADA3612514CE02_2142315571
 |- Actor Package: /Game/__ExternalActors__/Assets/Levels/TutorialLevel/2/IG/K6U1A9RJ66G8E5FM2MOG3Q
 |- Actor Path: /Game/Assets/Levels/TutorialLevel.TutorialLevel:PersistentLevel.VolumetricCloud_0
 |- Actor Package: /Game/__ExternalActors__/Assets/Levels/TutorialLevel/B/7P/UPWA5TIW6G5KFYZ32WV3VQ
 |- Actor Path: /Game/Assets/Levels/TutorialLevel.TutorialLevel:PersistentLevel.WorldDataLayers
 |- Actor Package: /Game/__ExternalActors__/Assets/Levels/TutorialLevel/B/BV/H1QPHP8L5GBBNYZOE2QC3G

----------------------------------------------------------------------------------------------------------------
TutorialLevel - Runtime Hash Set
----------------------------------------------------------------------------------------------------------------

